Microchip MPLAB XC8 Compiler V2.05 ()

Linker command line:

-W-3 --edf=D:\Mplab X\xc8\pic\dat\en_msgs.txt -cs \
  -h+dist/default/production\code_ADC.X.production.sym \
  --cmf=dist/default/production\code_ADC.X.production.cmf -z -Q16F877A \
  -oC:\Users\ADMIN\AppData\Local\Temp\st8.2 --defsym=__MPLAB_BUILD=1 \
  -Mdist/default/production/code_ADC.X.production.map -E1 -ver=XC8 \
  --acfsm=1493 -ASTACK=0110h-016Fh -pstack=STACK -ACODE=00h-07FFhx4 \
  -ASTRCODE=00h-01FFFh -ASTRING=00h-0FFhx32 -ACONST=00h-0FFhx32 \
  -AENTRY=00h-0FFhx32 -ACOMMON=070h-07Fh -ABANK0=020h-06Fh \
  -ABANK1=0A0h-0EFh -ABANK2=0110h-016Fh -ABANK3=0190h-01EFh \
  -ARAM=020h-06Fh,0A0h-0EFh,0110h-016Fh,0190h-01EFh \
  -AABS1=020h-07Fh,0A0h-0EFh,0110h-016Fh,0190h-01EFh -ASFR0=00h-01Fh \
  -ASFR1=080h-09Fh -ASFR2=0100h-010Fh -ASFR3=0180h-018Fh \
  -preset_vec=00h,intentry=04h,init,end_init -ppowerup=CODE -pcinit=CODE \
  -pfunctab=ENTRY -ACONFIG=02007h-02007h -pconfig=CONFIG -DCONFIG=2 \
  -AIDLOC=02000h-02003h -pidloc=IDLOC -DIDLOC=2 -AEEDATA=00h-0FFh/02100h \
  -peeprom_data=EEDATA -DEEDATA=2 -DCODE=2 -DSTRCODE=2 -DSTRING=2 -DCONST=2 \
  -DENTRY=2 -k C:\Users\ADMIN\AppData\Local\Temp\st8.o \
  dist/default/production\code_ADC.X.production.o 

Object code version is 3.11

Machine type is 16F877A



                Name                               Link     Load   Length Selector   Space Scale
C:\Users\ADMIN\AppData\Local\Temp\st8.o
                end_init                              C        C        3        8       0
                reset_vec                             0        0        3        0       0
                config                             2007     2007        1     400E       0
dist/default/production\code_ADC.X.production.o
                cinit                                 F        F       22        8       0
                intentry                              4        4        8        8       0
                text28                             136F     136F       20     26DE       0
                text27                              7B9      7B9       40        8       0
                text26                             1311     1311        8     2622       0
                text25                             133B     133B       1A     2676       0
                text24                             1355     1355       1A     26AA       0
                text23                             1558     1558       5C     2AB0       0
                text22                             1508     1508       50     2A10       0
                text21                             1447     1447       39     288E       0
                text20                             13D0     13D0       22     27A0       0
                text19                              919      919      1A3     1232       0
                text18                             16C6     16C6       95     2D8C       0
                text17                             13F2     13F2       23     27E4       0
                text16                              CEB      CEB      315     19D6       0
                text15                              ABC      ABC      22F     1578       0
                text14                             14BA     14BA       4E     2974       0
                text13                             15B4     15B4       83     2B68       0
                text12                             175B     175B       A5     2EB6       0
                text11                               31       31      501        8       0
                text10                             1480     1480       3A     2900       0
                text9                              132B     132B       10     2656       0
                text8                              1637     1637       8F     2C6E       0
                text7                               840      840       D9     1080       0
                text6                               7F9      7F9        6        8       0
                text5                              138F     138F       20     271E       0
                text4                              1321     1321        A     2642       0
                text3                               802      802       3E     1004       0
                text2                              1415     1415       32     282A       0
                text1                              13AF     13AF       21     275E       0
                maintext                            532      532      287        8       0
                cstackBANK0                          20       20       50       20       1
                cstackCOMMON                         70       70        C       70       1
                cstackBANK1                          A0       A0       34       A0       1
                clrtext                            1319     1319        8     2632       0
                bssBANK3                            190      190       24      190       1
                dataBANK1                            EC       EC        2       A0       1
                bssBANK1                             D4       D4       18       A0       1
                strings                            1000     1000       19     2000       0
                idataBANK1                          800      800        2     1000       0

TOTAL           Name                               Link     Load   Length     Space
        CLASS   STACK          

        CLASS   CODE           
                end_init                              C        C        3         0
                cinit                                 F        F       22         0
                intentry                              4        4        8         0
                reset_vec                             0        0        3         0
                text28                             136F     136F       20         0
                text27                              7B9      7B9       40         0
                text26                             1311     1311        8         0
                text25                             133B     133B       1A         0
                text24                             1355     1355       1A         0
                text23                             1558     1558       5C         0
                text22                             1508     1508       50         0
                text21                             1447     1447       39         0
                text20                             13D0     13D0       22         0
                text19                              919      919      1A3         0
                text18                             16C6     16C6       95         0
                text17                             13F2     13F2       23         0
                text16                              CEB      CEB      315         0
                text15                              ABC      ABC      22F         0
                text14                             14BA     14BA       4E         0
                text13                             15B4     15B4       83         0
                text12                             175B     175B       A5         0
                text11                               31       31      501         0
                text10                             1480     1480       3A         0
                text9                              132B     132B       10         0
                text8                              1637     1637       8F         0
                text7                               840      840       D9         0
                text6                               7F9      7F9        6         0
                text5                              138F     138F       20         0
                text4                              1321     1321        A         0
                text3                               802      802       3E         0
                text2                              1415     1415       32         0
                text1                              13AF     13AF       21         0
                maintext                            532      532      287         0
                clrtext                            1319     1319        8         0
                idataBANK1                          800      800        2         0

        CLASS   STRCODE        

        CLASS   STRING         
                strings                            1000     1000       19         0

        CLASS   CONST          

        CLASS   ENTRY          

        CLASS   COMMON         
                cstackCOMMON                         70       70        C         1

        CLASS   BANK0          
                cstackBANK0                          20       20       50         1

        CLASS   BANK1          
                cstackBANK1                          A0       A0       34         1
                dataBANK1                            EC       EC        2         1
                bssBANK1                             D4       D4       18         1

        CLASS   BANK2          

        CLASS   BANK3          
                bssBANK3                            190      190       24         1

        CLASS   RAM            

        CLASS   ABS1           
                abs_s1                               7E       7E        2         1

        CLASS   SFR0           

        CLASS   SFR1           

        CLASS   SFR2           

        CLASS   SFR3           

        CLASS   CONFIG         
                config                             2007     2007        1         0

        CLASS   IDLOC          

        CLASS   EEDATA         



SEGMENTS        Name                           Load    Length   Top    Selector   Space  Class     Delta

                reset_vec                      000000  000003  000003         0       0  CODE        2
                intentry                       000004  0007FB  0007FF         8       0  CODE        2
                cstackBANK0                    000020  000050  000070        20       1  BANK0       1
                cstackCOMMON                   000070  00000C  00007C        70       1  COMMON      1
                cstackBANK1                    0000A0  00004E  0000EE        A0       1  BANK1       1
                bssBANK3                       000190  000024  0001B4       190       1  BANK3       1
                idataBANK1                     000800  000002  000802      1000       0  CODE        2
                text3                          000802  00003E  000840      1004       0  CODE        2
                text7                          000840  0000D9  000919      1080       0  CODE        2
                text19                         000919  0001A3  000ABC      1232       0  CODE        2
                text15                         000ABC  00022F  000CEB      1578       0  CODE        2
                text16                         000CEB  000315  001000      19D6       0  CODE        2
                strings                        001000  000019  001019      2000       0  STRING      2
                text26                         001311  000008  001319      2622       0  CODE        2
                clrtext                        001319  000008  001321      2632       0  CODE        2
                text4                          001321  00000A  00132B      2642       0  CODE        2
                text9                          00132B  000010  00133B      2656       0  CODE        2
                text25                         00133B  00001A  001355      2676       0  CODE        2
                text24                         001355  00001A  00136F      26AA       0  CODE        2
                text28                         00136F  000020  00138F      26DE       0  CODE        2
                text5                          00138F  000020  0013AF      271E       0  CODE        2
                text1                          0013AF  000021  0013D0      275E       0  CODE        2
                text20                         0013D0  000022  0013F2      27A0       0  CODE        2
                text17                         0013F2  000023  001415      27E4       0  CODE        2
                text2                          001415  000032  001447      282A       0  CODE        2
                text21                         001447  000039  001480      288E       0  CODE        2
                text10                         001480  00003A  0014BA      2900       0  CODE        2
                text14                         0014BA  00004E  001508      2974       0  CODE        2
                text22                         001508  000050  001558      2A10       0  CODE        2
                text23                         001558  00005C  0015B4      2AB0       0  CODE        2
                text13                         0015B4  000083  001637      2B68       0  CODE        2
                text8                          001637  00008F  0016C6      2C6E       0  CODE        2
                text18                         0016C6  000095  00175B      2D8C       0  CODE        2
                text12                         00175B  0000A5  001800      2EB6       0  CODE        2
                config                         002007  000001  002008      400E       0  CONFIG      2


UNUSED ADDRESS RANGES

        Name                Unused          Largest block    Delta
        BANK1            00EE-00EF              2           1
        BANK2            0110-016F             60           1
        BANK3            01B4-01EF             3C           1
        CODE             0003-0003              1           2
                         07FF-07FF              1
                         1019-1310            2F8
                         1800-1FFF            800
        COMMON           007C-007D              2           1
        CONST            0003-0003              1           2
                         07FF-07FF              1
                         1019-1310            100
                         1800-1FFF            100
        EEDATA           2100-21FF            100           2
        ENTRY            0003-0003              1           2
                         07FF-07FF              1
                         1019-1310            100
                         1800-1FFF            100
        IDLOC            2000-2003              4           2
        RAM              00EE-00EF              2           1
                         0110-016F             60
                         01B4-01EF             3C
        SFR0             0000-001F             20           1
        SFR1             0080-009F             20           1
        SFR2             0100-010F             10           1
        SFR3             0180-018F             10           1
        STACK            0110-016F             60           1
        STRCODE          0003-0003              1           2
                         07FF-07FF              1
                         1019-1310            2F8
                         1800-1FFF            800
        STRING           0003-0003              1           2
                         07FF-07FF              1
                         1019-1310            100
                         1800-1FFF            100

                                  Symbol Table

?_Read_ADC                 cstackCOMMON 0072
?__Umul8_16                cstackCOMMON 0072
?___aldiv                  cstackCOMMON 0072
?___fladd                  cstackBANK0  005A
?___fldiv                  cstackBANK0  0040
?___flmul                  cstackBANK0  0026
?___flsub                  cstackBANK1  00A0
?___fltol                  cstackBANK1  00A8
?___lwdiv                  cstackCOMMON 0078
?___lwmod                  cstackCOMMON 0072
?___wmul                   cstackCOMMON 0072
?___xxtofl                 cstackCOMMON 0072
ADC_Init@channel           cstackCOMMON 0074
Lcd_Cmd@a                  cstackCOMMON 0075
Lcd_Port@a                 cstackCOMMON 0072
Lcd_Set_Cursor@a           cstackBANK0  0020
Lcd_Set_Cursor@b           cstackCOMMON 0076
Lcd_Set_Cursor@temp        cstackBANK0  0023
Lcd_Set_Cursor@y           cstackBANK0  0022
Lcd_Set_Cursor@z           cstackBANK0  0021
Lcd_Write_Char@a           cstackCOMMON 0076
Lcd_Write_Char@temp        cstackCOMMON 0074
Lcd_Write_Char@y           cstackCOMMON 0075
Lcd_Write_String@a         cstackCOMMON 0079
Lcd_Write_String@i         cstackCOMMON 0077
PID_Init@nhietdo           cstackBANK1  00B1
PID_Init@nhietdodat        cstackBANK1  00B3
Read_ADC@N                 cstackCOMMON 0078
Read_ADC@channel           cstackCOMMON 007A
UART_Init@baudrate         cstackBANK0  0026
UART_Init@x                cstackBANK0  0036
UART_Read_Text@Output      cstackCOMMON 0076
UART_Read_Text@i_230       cstackCOMMON 0077
UART_Read_Text@length      cstackCOMMON 0072
UART_Write@data            cstackCOMMON 0072
_ADCON0                    (abs)        001F
_ADCS0                     (abs)        00FE
_ADCS1                     (abs)        00FF
_ADCS2                     (abs)        04FE
_ADC_Init                  text27       07B9
_ADFM                      (abs)        04FF
_ADIE                      (abs)        0466
_ADIF                      (abs)        0066
_ADON                      (abs)        00F8
_ADRESH                    (abs)        001E
_ADRESL                    (abs)        009E
_BRGH                      (abs)        04C2
_CREN                      (abs)        00C4
_E                         bssBANK1     00E8
_E1                        bssBANK1     00E4
_E2                        bssBANK3     01B0
_GIE                       (abs)        005F
_GO_nDONE                  (abs)        00FA
_INTE                      (abs)        005C
_INTEDG                    (abs)        040E
_INTF                      (abs)        0059
_Interrupt_Init            text26       1311
_Kd                        bssBANK1     00D8
_Ki                        bssBANK3     0198
_Kp                        bssBANK1     00DC
_Lcd_Cmd                   text24       1355
_Lcd_Init                  text23       1558
_Lcd_Port                  text25       133B
_Lcd_Set_Cursor            text22       1508
_Lcd_Write_Char            text21       1447
_Lcd_Write_String          text20       13D0
_My_interrupt              text28       136F
_PCFG0                     (abs)        04F8
_PCFG1                     (abs)        04F9
_PCFG2                     (abs)        04FA
_PCFG3                     (abs)        04FB
_PEIE                      (abs)        005E
_PID_Init                  text11       0031
_PID_Init$861              cstackBANK1  00C1
_PID_Init$862              cstackBANK1  00B5
_PID_Init$863              cstackBANK1  00B9
_PID_Init$864              cstackBANK1  00BD
_RB7                       (abs)        0037
_RC0                       (abs)        0038
_RCIF                      (abs)        0065
_RCREG                     (abs)        001A
_RD0                       (abs)        0040
_RD1                       (abs)        0041
_RD2                       (abs)        0042
_RD3                       (abs)        0043
_RD4                       (abs)        0044
_RD5                       (abs)        0045
_Read_ADC                  text10       1480
_SPBRG                     (abs)        0099
_SPEN                      (abs)        00C7
_SYNC                      (abs)        04C4
_T                         bssBANK1     00E0
_T1CKPS0                   (abs)        0084
_T1CKPS1                   (abs)        0085
_T1OSCEN                   (abs)        0083
_T1SYNC                    (abs)        0082
_TMR1                      (abs)        000E
_TMR1CS                    (abs)        0081
_TMR1H                     (abs)        000F
_TMR1IE                    (abs)        0460
_TMR1IF                    (abs)        0060
_TMR1L                     (abs)        000E
_TMR1ON                    (abs)        0080
_TRISA0                    (abs)        0428
_TRISA1                    (abs)        0429
_TRISA2                    (abs)        042A
_TRISA3                    (abs)        042B
_TRISB0                    (abs)        0430
_TRISB7                    (abs)        0437
_TRISC0                    (abs)        0438
_TRISC6                    (abs)        043E
_TRISC7                    (abs)        043F
_TRISD                     (abs)        0088
_TRMT                      (abs)        04C1
_TXEN                      (abs)        04C5
_TXREG                     (abs)        0019
_Timer1_Init               text9        132B
_UART_Init                 text7        0840
_UART_Read                 text6        07F9
_UART_Read_Text            text5        138F
_UART_Write                text4        1321
__CFG_BOREN$OFF            (abs)        0000
__CFG_CP$OFF               (abs)        0000
__CFG_CPD$OFF              (abs)        0000
__CFG_FOSC$HS              (abs)        0000
__CFG_LVP$OFF              (abs)        0000
__CFG_PWRTE$OFF            (abs)        0000
__CFG_WDTE$OFF             (abs)        0000
__CFG_WRT$OFF              (abs)        0000
__Habs1                    abs1         0000
__Hbank0                   bank0        0000
__Hbank1                   bank1        0000
__Hbank2                   bank2        0000
__Hbank3                   bank3        0000
__HbssBANK1                bssBANK1     0000
__HbssBANK3                bssBANK3     0000
__Hcinit                   cinit        0031
__Hclrtext                 clrtext      0000
__Hcode                    code         0000
__Hcommon                  common       0000
__Hconfig                  config       2008
__HcstackBANK0             cstackBANK0  0000
__HcstackBANK1             cstackBANK1  0000
__HcstackCOMMON            cstackCOMMON 0000
__HdataBANK1               dataBANK1    0000
__Heeprom_data             eeprom_data  0000
__Hend_init                end_init     000F
__Hfunctab                 functab      0000
__HidataBANK1              idataBANK1   0000
__Hidloc                   idloc        0000
__Hinit                    init         000C
__Hintentry                intentry     000C
__Hmaintext                maintext     0000
__Hpowerup                 powerup      0000
__Hram                     ram          0000
__Hreset_vec               reset_vec    0003
__Hsfr0                    sfr0         0000
__Hsfr1                    sfr1         0000
__Hsfr2                    sfr2         0000
__Hsfr3                    sfr3         0000
__Hspace_0                 (abs)        2008
__Hspace_1                 (abs)        01B4
__Hspace_2                 (abs)        0000
__Hspace_3                 (abs)        0000
__Hstack                   stack        0000
__Hstrings                 strings      0000
__Htext                    text         0000
__Labs1                    abs1         0000
__Lbank0                   bank0        0000
__Lbank1                   bank1        0000
__Lbank2                   bank2        0000
__Lbank3                   bank3        0000
__LbssBANK1                bssBANK1     0000
__LbssBANK3                bssBANK3     0000
__Lcinit                   cinit        000F
__Lclrtext                 clrtext      0000
__Lcode                    code         0000
__Lcommon                  common       0000
__Lconfig                  config       2007
__LcstackBANK0             cstackBANK0  0000
__LcstackBANK1             cstackBANK1  0000
__LcstackCOMMON            cstackCOMMON 0000
__LdataBANK1               dataBANK1    0000
__Leeprom_data             eeprom_data  0000
__Lend_init                end_init     000C
__Lfunctab                 functab      0000
__LidataBANK1              idataBANK1   0000
__Lidloc                   idloc        0000
__Linit                    init         000C
__Lintentry                intentry     0004
__Lmaintext                maintext     0000
__Lpowerup                 powerup      0000
__Lram                     ram          0000
__Lreset_vec               reset_vec    0000
__Lsfr0                    sfr0         0000
__Lsfr1                    sfr1         0000
__Lsfr2                    sfr2         0000
__Lsfr3                    sfr3         0000
__Lspace_0                 (abs)        0000
__Lspace_1                 (abs)        0000
__Lspace_2                 (abs)        0000
__Lspace_3                 (abs)        0000
__Lstack                   stack        0000
__Lstrings                 strings      0000
__Ltext                    text         0000
__S0                       (abs)        2008
__S1                       (abs)        01B4
__S2                       (abs)        0000
__S3                       (abs)        0000
__Umul8_16                 text17       13F2
__Umul8_16@multiplicand    cstackCOMMON 0072
__Umul8_16@multiplier      cstackCOMMON 007A
__Umul8_16@product         cstackCOMMON 0076
__Umul8_16@word_mpld       cstackCOMMON 0078
___aldiv                   text8        1637
___aldiv@counter           cstackBANK0  0020
___aldiv@dividend          cstackCOMMON 0076
___aldiv@divisor           cstackCOMMON 0072
___aldiv@quotient          cstackBANK0  0022
___aldiv@sign              cstackBANK0  0021
___fladd                   text15       0ABC
___fladd@a                 cstackBANK0  005E
___fladd@aexp              cstackBANK0  006B
___fladd@b                 cstackBANK0  005A
___fladd@bexp              cstackBANK0  006C
___fladd@grs               cstackBANK0  006D
___fladd@signs             cstackBANK0  006A
___fldiv                   text19       0919
___fldiv@a                 cstackBANK0  0040
___fldiv@aexp              cstackBANK0  0059
___fldiv@b                 cstackBANK0  0044
___fldiv@bexp              cstackBANK0  0058
___fldiv@grs               cstackBANK0  0054
___fldiv@new_exp           cstackBANK0  0052
___fldiv@rem               cstackBANK0  004D
___fldiv@sign              cstackBANK0  0051
___flge                    text18       16C6
___flge@ff1                cstackCOMMON 0072
___flge@ff2                cstackCOMMON 0076
___flmul                   text16       0CEB
___flmul@a                 cstackBANK0  002A
___flmul@aexp              cstackBANK0  0038
___flmul@b                 cstackBANK0  0026
___flmul@bexp              cstackBANK0  0039
___flmul@grs               cstackBANK0  0034
___flmul@prod              cstackBANK0  003A
___flmul@sign              cstackBANK0  0033
___flmul@temp              cstackBANK0  003E
___flsub                   text14       14BA
___flsub@a                 cstackBANK1  00A0
___flsub@b                 cstackBANK1  00A4
___fltol                   text13       15B4
___fltol@exp1              cstackBANK0  006F
___fltol@f1                cstackBANK1  00A8
___fltol@sign1             cstackBANK0  006E
___int_sp                  stack        0000
___latbits                 (abs)        0002
___lwdiv                   text3        0802
___lwdiv@counter           cstackBANK0  0023
___lwdiv@dividend          cstackCOMMON 007A
___lwdiv@divisor           cstackCOMMON 0078
___lwdiv@quotient          cstackBANK0  0021
___lwmod                   text2        1415
___lwmod@counter           cstackCOMMON 0077
___lwmod@dividend          cstackCOMMON 0074
___lwmod@divisor           cstackCOMMON 0072
___sp                      stack        0000
___stackhi                 (abs)        0000
___stacklo                 (abs)        0000
___wmul                    text1        13AF
___wmul@multiplicand       cstackCOMMON 0074
___wmul@multiplier         cstackCOMMON 0072
___wmul@product            cstackCOMMON 0076
___xxtofl                  text12       175B
___xxtofl@arg              cstackBANK0  0022
___xxtofl@exp              cstackBANK0  0021
___xxtofl@sign             cstackBANK0  0020
___xxtofl@val              cstackCOMMON 0072
__end_of_ADC_Init          text27       07F9
__end_of_Interrupt_Init    text26       1319
__end_of_Lcd_Cmd           text24       136F
__end_of_Lcd_Init          text23       15B4
__end_of_Lcd_Port          text25       1355
__end_of_Lcd_Set_Cursor    text22       1558
__end_of_Lcd_Write_Char    text21       1480
__end_of_Lcd_Write_String  text20       13F2
__end_of_My_interrupt      text28       138F
__end_of_PID_Init          text11       0532
__end_of_Read_ADC          text10       14BA
__end_of_Timer1_Init       text9        133B
__end_of_UART_Init         text7        0919
__end_of_UART_Read         text6        07FF
__end_of_UART_Read_Text    text5        13AF
__end_of_UART_Write        text4        132B
__end_of__Umul8_16         text17       1415
__end_of___aldiv           text8        16C6
__end_of___fladd           text15       0CEB
__end_of___fldiv           text19       0ABC
__end_of___flge            text18       175B
__end_of___flmul           text16       1000
__end_of___flsub           text14       1508
__end_of___fltol           text13       1637
__end_of___lwdiv           text3        0840
__end_of___lwmod           text2        1447
__end_of___wmul            text1        13D0
__end_of___xxtofl          text12       1800
__end_of__initialization   cinit        002D
__end_of__stringtab        strings      1006
__end_of_main              maintext     07B9
__initialization           cinit        000F
__pbssBANK1                bssBANK1     00D4
__pbssBANK3                bssBANK3     0190
__pcstackBANK0             cstackBANK0  0020
__pcstackBANK1             cstackBANK1  00A0
__pcstackCOMMON            cstackCOMMON 0070
__pdataBANK1               dataBANK1    00EC
__pidataBANK1              idataBANK1   0800
__pintentry                intentry     0004
__pmaintext                maintext     0532
__pstrings                 strings      1000
__ptext1                   text1        13AF
__ptext10                  text10       1480
__ptext11                  text11       0031
__ptext12                  text12       175B
__ptext13                  text13       15B4
__ptext14                  text14       14BA
__ptext15                  text15       0ABC
__ptext16                  text16       0CEB
__ptext17                  text17       13F2
__ptext18                  text18       16C6
__ptext19                  text19       0919
__ptext2                   text2        1415
__ptext20                  text20       13D0
__ptext21                  text21       1447
__ptext22                  text22       1508
__ptext23                  text23       1558
__ptext24                  text24       1355
__ptext25                  text25       133B
__ptext26                  text26       1311
__ptext27                  text27       07B9
__ptext28                  text28       136F
__ptext3                   text3        0802
__ptext4                   text4        1321
__ptext5                   text5        138F
__ptext6                   text6        07F9
__ptext7                   text7        0840
__ptext8                   text8        1637
__ptext9                   text9        132B
__size_of_ADC_Init         (abs)        0000
__size_of_Interrupt_Init   (abs)        0000
__size_of_Lcd_Cmd          (abs)        0000
__size_of_Lcd_Init         (abs)        0000
__size_of_Lcd_Port         (abs)        0000
__size_of_Lcd_Set_Cursor   (abs)        0000
__size_of_Lcd_Write_Char   (abs)        0000
__size_of_Lcd_Write_String (abs)        0000
__size_of_My_interrupt     (abs)        0000
__size_of_PID_Init         (abs)        0000
__size_of_Read_ADC         (abs)        0000
__size_of_Timer1_Init      (abs)        0000
__size_of_UART_Init        (abs)        0000
__size_of_UART_Read        (abs)        0000
__size_of_UART_Read_Text   (abs)        0000
__size_of_UART_Write       (abs)        0000
__size_of__Umul8_16        (abs)        0000
__size_of___aldiv          (abs)        0000
__size_of___fladd          (abs)        0000
__size_of___fldiv          (abs)        0000
__size_of___flge           (abs)        0000
__size_of___flmul          (abs)        0000
__size_of___flsub          (abs)        0000
__size_of___fltol          (abs)        0000
__size_of___lwdiv          (abs)        0000
__size_of___lwmod          (abs)        0000
__size_of___wmul           (abs)        0000
__size_of___xxtofl         (abs)        0000
__size_of_main             (abs)        0000
__stringbase               strings      1005
__stringtab                strings      1000
_a1                        bssBANK3     01AC
_a2                        bssBANK3     01A8
_a3                        bssBANK3     01A4
_chot                      bssBANK3     0190
_main                      maintext     0532
_out                       bssBANK1     00D4
_pre_out                   bssBANK3     0194
_time                      dataBANK1    00EC
btemp                      (abs)        007E
clear_ram0                 clrtext      1319
end_of_initialization      cinit        002D
interrupt_function         intentry     0004
intlevel0                  functab      0000
intlevel1                  functab      0000
intlevel2                  functab      0000
intlevel3                  functab      0000
intlevel4                  functab      0000
intlevel5                  functab      0000
main@a                     cstackBANK1  00CB
main@buffer                cstackBANK1  00CE
main@start                 cstackBANK1  00CD
main@t                     cstackBANK1  00D0
main@t_load                cstackBANK1  00D2
reset_vec                  reset_vec    0000
saved_w                    (abs)        007E
start                      init         000C
start_initialization       cinit        000F
wtemp0                     (abs)        007E


FUNCTION INFORMATION:

 *************** function _main *****************
 Defined at:
		line 20 in file "ADC.c"
 Parameters:    Size  Location     Type
		None
 Auto vars:     Size  Location     Type
  t_load          2   50[BANK1 ] unsigned int 
  t               2   48[BANK1 ] unsigned int 
  buffer          2   46[BANK1 ] unsigned char [2]
  a               2   43[BANK1 ] unsigned int 
  _t_load         2    0        unsigned int 
  start           1   45[BANK1 ] unsigned char 
 Return value:  Size  Location     Type
                  1    wreg      void 
 Registers used:
		wreg, fsr0l, fsr0h, status,2, status,0, btemp+1, pclath, cstack
 Tracked objects:
		On entry : 
		On exit  : 
		Unchanged: 
 Data sizes:     COMMON   BANK0   BANK1   BANK3   BANK2
      Params:         0       0       0       0       0
      Locals:         0       0      11       0       0
      Temps:          0       0       4       0       0
      Totals:         0       0      15       0       0
Total ram usage:       15 bytes
 Hardware stack levels required when called:    4
 This function calls:
		_ADC_Init
		_Interrupt_Init
		_Lcd_Init
		_Lcd_Set_Cursor
		_Lcd_Write_Char
		_Lcd_Write_String
		_PID_Init
		_Read_ADC
		_Timer1_Init
		_UART_Init
		_UART_Read
		_UART_Read_Text
		_UART_Write
		___flmul
		___fltol
		___lwdiv
		___lwmod
		___wmul
		___xxtofl
 This function is called by:
		Startup code after reset
 This function uses a non-reentrant model


 *************** function ___wmul *****************
 Defined at:
		line 15 in file "D:\Mplab X\xc8\pic\sources\c90\common\Umul16.c"
 Parameters:    Size  Location     Type
  multiplier      2    2[COMMON] unsigned int 
  multiplicand    2    4[COMMON] unsigned int 
 Auto vars:     Size  Location     Type
  product         2    6[COMMON] unsigned int 
 Return value:  Size  Location     Type
                  2    2[COMMON] unsigned int 
 Registers used:
		wreg, status,2, status,0
 Tracked objects:
		On entry : 
		On exit  : 
		Unchanged: 
 Data sizes:     COMMON   BANK0   BANK1   BANK3   BANK2
      Params:         4       0       0       0       0
      Locals:         2       0       0       0       0
      Temps:          0       0       0       0       0
      Totals:         6       0       0       0       0
Total ram usage:        6 bytes
 Hardware stack levels used:    1
 Hardware stack levels required when called:    1
 This function calls:
		Nothing
 This function is called by:
		_main
 This function uses a non-reentrant model


 *************** function ___lwmod *****************
 Defined at:
		line 5 in file "D:\Mplab X\xc8\pic\sources\c90\common\lwmod.c"
 Parameters:    Size  Location     Type
  divisor         2    2[COMMON] unsigned int 
  dividend        2    4[COMMON] unsigned int 
 Auto vars:     Size  Location     Type
  counter         1    7[COMMON] unsigned char 
 Return value:  Size  Location     Type
                  2    2[COMMON] unsigned int 
 Registers used:
		wreg, status,2, status,0
 Tracked objects:
		On entry : 
		On exit  : 
		Unchanged: 
 Data sizes:     COMMON   BANK0   BANK1   BANK3   BANK2
      Params:         4       0       0       0       0
      Locals:         1       0       0       0       0
      Temps:          1       0       0       0       0
      Totals:         6       0       0       0       0
Total ram usage:        6 bytes
 Hardware stack levels used:    1
 Hardware stack levels required when called:    1
 This function calls:
		Nothing
 This function is called by:
		_main
 This function uses a non-reentrant model


 *************** function ___lwdiv *****************
 Defined at:
		line 5 in file "D:\Mplab X\xc8\pic\sources\c90\common\lwdiv.c"
 Parameters:    Size  Location     Type
  divisor         2    8[COMMON] unsigned int 
  dividend        2   10[COMMON] unsigned int 
 Auto vars:     Size  Location     Type
  quotient        2    1[BANK0 ] unsigned int 
  counter         1    3[BANK0 ] unsigned char 
 Return value:  Size  Location     Type
                  2    8[COMMON] unsigned int 
 Registers used:
		wreg, status,2, status,0
 Tracked objects:
		On entry : 
		On exit  : 
		Unchanged: 
 Data sizes:     COMMON   BANK0   BANK1   BANK3   BANK2
      Params:         4       0       0       0       0
      Locals:         0       3       0       0       0
      Temps:          0       1       0       0       0
      Totals:         4       4       0       0       0
Total ram usage:        8 bytes
 Hardware stack levels used:    1
 Hardware stack levels required when called:    1
 This function calls:
		Nothing
 This function is called by:
		_main
 This function uses a non-reentrant model


 *************** function _UART_Write *****************
 Defined at:
		line 51 in file "USART.c"
 Parameters:    Size  Location     Type
  data            1    wreg     unsigned char 
 Auto vars:     Size  Location     Type
  data            1    2[COMMON] unsigned char 
 Return value:  Size  Location     Type
                  1    wreg      void 
 Registers used:
		wreg
 Tracked objects:
		On entry : 
		On exit  : 
		Unchanged: 
 Data sizes:     COMMON   BANK0   BANK1   BANK3   BANK2
      Params:         0       0       0       0       0
      Locals:         1       0       0       0       0
      Temps:          0       0       0       0       0
      Totals:         1       0       0       0       0
Total ram usage:        1 bytes
 Hardware stack levels used:    1
 Hardware stack levels required when called:    1
 This function calls:
		Nothing
 This function is called by:
		_main
		_UART_Write_Text
 This function uses a non-reentrant model


 *************** function _UART_Read_Text *****************
 Defined at:
		line 44 in file "USART.c"
 Parameters:    Size  Location     Type
  Output          1    wreg     PTR unsigned char 
		 -> main@buffer(2), 
  length          2    2[COMMON] unsigned int 
 Auto vars:     Size  Location     Type
  Output          1    6[COMMON] PTR unsigned char 
		 -> main@buffer(2), 
  i               2    7[COMMON] int 
  i               2    0        unsigned int 
 Return value:  Size  Location     Type
                  1    wreg      void 
 Registers used:
		wreg, fsr0l, fsr0h, status,2, status,0, pclath, cstack
 Tracked objects:
		On entry : 
		On exit  : 
		Unchanged: 
 Data sizes:     COMMON   BANK0   BANK1   BANK3   BANK2
      Params:         2       0       0       0       0
      Locals:         3       0       0       0       0
      Temps:          2       0       0       0       0
      Totals:         7       0       0       0       0
Total ram usage:        7 bytes
 Hardware stack levels used:    1
 Hardware stack levels required when called:    2
 This function calls:
		_UART_Read
 This function is called by:
		_main
 This function uses a non-reentrant model


 *************** function _UART_Read *****************
 Defined at:
		line 37 in file "USART.c"
 Parameters:    Size  Location     Type
		None
 Auto vars:     Size  Location     Type
		None
 Return value:  Size  Location     Type
                  1    wreg      unsigned char 
 Registers used:
		wreg
 Tracked objects:
		On entry : 
		On exit  : 
		Unchanged: 
 Data sizes:     COMMON   BANK0   BANK1   BANK3   BANK2
      Params:         0       0       0       0       0
      Locals:         0       0       0       0       0
      Temps:          0       0       0       0       0
      Totals:         0       0       0       0       0
Total ram usage:        0 bytes
 Hardware stack levels used:    1
 Hardware stack levels required when called:    1
 This function calls:
		Nothing
 This function is called by:
		_main
		_UART_Read_Text
 This function uses a non-reentrant model


 *************** function _UART_Init *****************
 Defined at:
		line 5 in file "USART.c"
 Parameters:    Size  Location     Type
  baudrate        4    6[BANK0 ] const long 
 Auto vars:     Size  Location     Type
  x               2   22[BANK0 ] unsigned int 
 Return value:  Size  Location     Type
                  1    wreg      unsigned char 
 Registers used:
		wreg, status,2, status,0, pclath, cstack
 Tracked objects:
		On entry : 
		On exit  : 
		Unchanged: 
 Data sizes:     COMMON   BANK0   BANK1   BANK3   BANK2
      Params:         0       4       0       0       0
      Locals:         0       2       0       0       0
      Temps:          0      12       0       0       0
      Totals:         0      18       0       0       0
Total ram usage:       18 bytes
 Hardware stack levels used:    1
 Hardware stack levels required when called:    2
 This function calls:
		___aldiv
 This function is called by:
		_main
 This function uses a non-reentrant model


 *************** function ___aldiv *****************
 Defined at:
		line 5 in file "D:\Mplab X\xc8\pic\sources\c90\common\aldiv.c"
 Parameters:    Size  Location     Type
  divisor         4    2[COMMON] long 
  dividend        4    6[COMMON] long 
 Auto vars:     Size  Location     Type
  quotient        4    2[BANK0 ] long 
  sign            1    1[BANK0 ] unsigned char 
  counter         1    0[BANK0 ] unsigned char 
 Return value:  Size  Location     Type
                  4    2[COMMON] long 
 Registers used:
		wreg, status,2, status,0
 Tracked objects:
		On entry : 
		On exit  : 
		Unchanged: 
 Data sizes:     COMMON   BANK0   BANK1   BANK3   BANK2
      Params:         8       0       0       0       0
      Locals:         0       6       0       0       0
      Temps:          1       0       0       0       0
      Totals:         9       6       0       0       0
Total ram usage:       15 bytes
 Hardware stack levels used:    1
 Hardware stack levels required when called:    1
 This function calls:
		Nothing
 This function is called by:
		_UART_Init
 This function uses a non-reentrant model


 *************** function _Timer1_Init *****************
 Defined at:
		line 145 in file "ADC.c"
 Parameters:    Size  Location     Type
		None
 Auto vars:     Size  Location     Type
		None
 Return value:  Size  Location     Type
                  1    wreg      void 
 Registers used:
		status,2
 Tracked objects:
		On entry : 
		On exit  : 
		Unchanged: 
 Data sizes:     COMMON   BANK0   BANK1   BANK3   BANK2
      Params:         0       0       0       0       0
      Locals:         0       0       0       0       0
      Temps:          0       0       0       0       0
      Totals:         0       0       0       0       0
Total ram usage:        0 bytes
 Hardware stack levels used:    1
 Hardware stack levels required when called:    1
 This function calls:
		Nothing
 This function is called by:
		_main
 This function uses a non-reentrant model


 *************** function _Read_ADC *****************
 Defined at:
		line 134 in file "ADC.c"
 Parameters:    Size  Location     Type
  channel         1    wreg     unsigned char 
 Auto vars:     Size  Location     Type
  channel         1   10[COMMON] unsigned char 
  N               2    8[COMMON] unsigned int 
 Return value:  Size  Location     Type
                  2    2[COMMON] unsigned int 
 Registers used:
		wreg, status,2, status,0
 Tracked objects:
		On entry : 
		On exit  : 
		Unchanged: 
 Data sizes:     COMMON   BANK0   BANK1   BANK3   BANK2
      Params:         2       0       0       0       0
      Locals:         3       0       0       0       0
      Temps:          4       0       0       0       0
      Totals:         9       0       0       0       0
Total ram usage:        9 bytes
 Hardware stack levels used:    1
 Hardware stack levels required when called:    1
 This function calls:
		Nothing
 This function is called by:
		_main
 This function uses a non-reentrant model


 *************** function _PID_Init *****************
 Defined at:
		line 186 in file "ADC.c"
 Parameters:    Size  Location     Type
  nhietdo         2   17[BANK1 ] unsigned int 
  nhietdodat      2   19[BANK1 ] unsigned int 
 Auto vars:     Size  Location     Type
		None
 Return value:  Size  Location     Type
                  1    wreg      void 
 Registers used:
		wreg, status,2, status,0, btemp+1, pclath, cstack
 Tracked objects:
		On entry : 
		On exit  : 
		Unchanged: 
 Data sizes:     COMMON   BANK0   BANK1   BANK3   BANK2
      Params:         0       0       4       0       0
      Locals:         0       0      16       0       0
      Temps:          0       0       0       0       0
      Totals:         0       0      20       0       0
Total ram usage:       20 bytes
 Hardware stack levels used:    1
 Hardware stack levels required when called:    3
 This function calls:
		___fladd
		___fldiv
		___flge
		___flmul
		___flsub
		___fltol
		___xxtofl
 This function is called by:
		_main
 This function uses a non-reentrant model


 *************** function ___xxtofl *****************
 Defined at:
		line 10 in file "D:\Mplab X\xc8\pic\sources\c90\common\xxtofl.c"
 Parameters:    Size  Location     Type
  sign            1    wreg     unsigned char 
  val             4    2[COMMON] long 
 Auto vars:     Size  Location     Type
  sign            1    0[BANK0 ] unsigned char 
  arg             4    2[BANK0 ] unsigned long 
  exp             1    1[BANK0 ] unsigned char 
 Return value:  Size  Location     Type
                  4    2[COMMON] unsigned char 
 Registers used:
		wreg, status,2, status,0
 Tracked objects:
		On entry : 
		On exit  : 
		Unchanged: 
 Data sizes:     COMMON   BANK0   BANK1   BANK3   BANK2
      Params:         4       0       0       0       0
      Locals:         0       6       0       0       0
      Temps:          4       0       0       0       0
      Totals:         8       6       0       0       0
Total ram usage:       14 bytes
 Hardware stack levels used:    1
 Hardware stack levels required when called:    1
 This function calls:
		Nothing
 This function is called by:
		_main
		_PID_Init
 This function uses a non-reentrant model


 *************** function ___fltol *****************
 Defined at:
		line 43 in file "D:\Mplab X\xc8\pic\sources\c90\common\fltol.c"
 Parameters:    Size  Location     Type
  f1              4    8[BANK1 ] unsigned char 
 Auto vars:     Size  Location     Type
  exp1            1   79[BANK0 ] unsigned char 
  sign1           1   78[BANK0 ] unsigned char 
 Return value:  Size  Location     Type
                  4    8[BANK1 ] long 
 Registers used:
		wreg, status,2, status,0
 Tracked objects:
		On entry : 
		On exit  : 
		Unchanged: 
 Data sizes:     COMMON   BANK0   BANK1   BANK3   BANK2
      Params:         0       0       4       0       0
      Locals:         0       2       0       0       0
      Temps:          0       0       5       0       0
      Totals:         0       2       9       0       0
Total ram usage:       11 bytes
 Hardware stack levels used:    1
 Hardware stack levels required when called:    1
 This function calls:
		Nothing
 This function is called by:
		_main
		_PID_Init
 This function uses a non-reentrant model


 *************** function ___flsub *****************
 Defined at:
		line 242 in file "D:\Mplab X\xc8\pic\sources\c90\common\sprcadd.c"
 Parameters:    Size  Location     Type
  a               4    0[BANK1 ] long 
  b               4    4[BANK1 ] long 
 Auto vars:     Size  Location     Type
		None
 Return value:  Size  Location     Type
                  4    0[BANK1 ] long 
 Registers used:
		wreg, status,2, status,0, btemp+1, pclath, cstack
 Tracked objects:
		On entry : 
		On exit  : 
		Unchanged: 
 Data sizes:     COMMON   BANK0   BANK1   BANK3   BANK2
      Params:         0       0       8       0       0
      Locals:         0       0       0       0       0
      Temps:          0       0       0       0       0
      Totals:         0       0       8       0       0
Total ram usage:        8 bytes
 Hardware stack levels used:    1
 Hardware stack levels required when called:    2
 This function calls:
		___fladd
 This function is called by:
		_PID_Init
 This function uses a non-reentrant model


 *************** function ___fladd *****************
 Defined at:
		line 10 in file "D:\Mplab X\xc8\pic\sources\c90\common\sprcadd.c"
 Parameters:    Size  Location     Type
  b               4   58[BANK0 ] long 
  a               4   62[BANK0 ] long 
 Auto vars:     Size  Location     Type
  grs             1   77[BANK0 ] unsigned char 
  bexp            1   76[BANK0 ] unsigned char 
  aexp            1   75[BANK0 ] unsigned char 
  signs           1   74[BANK0 ] unsigned char 
 Return value:  Size  Location     Type
                  4   58[BANK0 ] unsigned char 
 Registers used:
		wreg, status,2, status,0, btemp+1
 Tracked objects:
		On entry : 
		On exit  : 
		Unchanged: 
 Data sizes:     COMMON   BANK0   BANK1   BANK3   BANK2
      Params:         0       8       0       0       0
      Locals:         0       4       0       0       0
      Temps:          0       8       0       0       0
      Totals:         0      20       0       0       0
Total ram usage:       20 bytes
 Hardware stack levels used:    1
 Hardware stack levels required when called:    1
 This function calls:
		Nothing
 This function is called by:
		_PID_Init
		___flsub
 This function uses a non-reentrant model


 *************** function ___flmul *****************
 Defined at:
		line 8 in file "D:\Mplab X\xc8\pic\sources\c90\common\sprcmul.c"
 Parameters:    Size  Location     Type
  b               4    6[BANK0 ] unsigned char 
  a               4   10[BANK0 ] unsigned char 
 Auto vars:     Size  Location     Type
  prod            4   26[BANK0 ] struct .
  grs             4   20[BANK0 ] unsigned long 
  temp            2   30[BANK0 ] struct .
  bexp            1   25[BANK0 ] unsigned char 
  aexp            1   24[BANK0 ] unsigned char 
  sign            1   19[BANK0 ] unsigned char 
 Return value:  Size  Location     Type
                  4    6[BANK0 ] unsigned char 
 Registers used:
		wreg, status,2, status,0, btemp+1, pclath, cstack
 Tracked objects:
		On entry : 
		On exit  : 
		Unchanged: 
 Data sizes:     COMMON   BANK0   BANK1   BANK3   BANK2
      Params:         0       8       0       0       0
      Locals:         0      13       0       0       0
      Temps:          0       5       0       0       0
      Totals:         0      26       0       0       0
Total ram usage:       26 bytes
 Hardware stack levels used:    1
 Hardware stack levels required when called:    2
 This function calls:
		__Umul8_16
 This function is called by:
		_main
		_PID_Init
 This function uses a non-reentrant model


 *************** function __Umul8_16 *****************
 Defined at:
		line 4 in file "D:\Mplab X\xc8\pic\sources\c90\common\Umul8_16.c"
 Parameters:    Size  Location     Type
  multiplier      1    wreg     unsigned char 
  multiplicand    1    2[COMMON] unsigned char 
 Auto vars:     Size  Location     Type
  multiplier      1   10[COMMON] unsigned char 
  word_mpld       2    8[COMMON] unsigned int 
  product         2    6[COMMON] unsigned int 
 Return value:  Size  Location     Type
                  2    2[COMMON] unsigned int 
 Registers used:
		wreg, status,2, status,0
 Tracked objects:
		On entry : 
		On exit  : 
		Unchanged: 
 Data sizes:     COMMON   BANK0   BANK1   BANK3   BANK2
      Params:         2       0       0       0       0
      Locals:         5       0       0       0       0
      Temps:          2       0       0       0       0
      Totals:         9       0       0       0       0
Total ram usage:        9 bytes
 Hardware stack levels used:    1
 Hardware stack levels required when called:    1
 This function calls:
		Nothing
 This function is called by:
		___flmul
 This function uses a non-reentrant model


 *************** function ___flge *****************
 Defined at:
		line 4 in file "D:\Mplab X\xc8\pic\sources\c90\common\flge.c"
 Parameters:    Size  Location     Type
  ff1             4    2[COMMON] unsigned int 
  ff2             4    6[COMMON] unsigned int 
 Auto vars:     Size  Location     Type
		None
 Return value:  Size  Location     Type
		None               void
 Registers used:
		wreg, status,2, status,0
 Tracked objects:
		On entry : 
		On exit  : 
		Unchanged: 
 Data sizes:     COMMON   BANK0   BANK1   BANK3   BANK2
      Params:         8       0       0       0       0
      Locals:         0       0       0       0       0
      Temps:          0       4       0       0       0
      Totals:         8       4       0       0       0
Total ram usage:       12 bytes
 Hardware stack levels used:    1
 Hardware stack levels required when called:    1
 This function calls:
		Nothing
 This function is called by:
		_PID_Init
 This function uses a non-reentrant model


 *************** function ___fldiv *****************
 Defined at:
		line 8 in file "D:\Mplab X\xc8\pic\sources\c90\common\sprcdiv.c"
 Parameters:    Size  Location     Type
  a               4   32[BANK0 ] unsigned int 
  b               4   36[BANK0 ] unsigned int 
 Auto vars:     Size  Location     Type
  grs             4   52[BANK0 ] unsigned long 
  rem             4   45[BANK0 ] unsigned long 
  new_exp         2   50[BANK0 ] int 
  aexp            1   57[BANK0 ] unsigned char 
  bexp            1   56[BANK0 ] unsigned char 
  sign            1   49[BANK0 ] unsigned char 
 Return value:  Size  Location     Type
                  4   32[BANK0 ] unsigned char 
 Registers used:
		wreg, status,2, status,0, btemp+1
 Tracked objects:
		On entry : 
		On exit  : 
		Unchanged: 
 Data sizes:     COMMON   BANK0   BANK1   BANK3   BANK2
      Params:         0       8       0       0       0
      Locals:         0      13       0       0       0
      Temps:          0       5       0       0       0
      Totals:         0      26       0       0       0
Total ram usage:       26 bytes
 Hardware stack levels used:    1
 Hardware stack levels required when called:    1
 This function calls:
		Nothing
 This function is called by:
		_PID_Init
 This function uses a non-reentrant model


 *************** function _Lcd_Write_String *****************
 Defined at:
		line 98 in file "lcd4.c"
 Parameters:    Size  Location     Type
  a               1    wreg     PTR unsigned char 
		 -> STR_2(7), STR_1(12), 
 Auto vars:     Size  Location     Type
  a               1    9[COMMON] PTR unsigned char 
		 -> STR_2(7), STR_1(12), 
  i               2    7[COMMON] int 
 Return value:  Size  Location     Type
                  1    wreg      void 
 Registers used:
		wreg, fsr0l, fsr0h, status,2, status,0, pclath, cstack
 Tracked objects:
		On entry : 
		On exit  : 
		Unchanged: 
 Data sizes:     COMMON   BANK0   BANK1   BANK3   BANK2
      Params:         0       0       0       0       0
      Locals:         3       0       0       0       0
      Temps:          0       0       0       0       0
      Totals:         3       0       0       0       0
Total ram usage:        3 bytes
 Hardware stack levels used:    1
 Hardware stack levels required when called:    3
 This function calls:
		_Lcd_Write_Char
 This function is called by:
		_main
 This function uses a non-reentrant model


 *************** function _Lcd_Write_Char *****************
 Defined at:
		line 82 in file "lcd4.c"
 Parameters:    Size  Location     Type
  a               1    wreg     unsigned char 
 Auto vars:     Size  Location     Type
  a               1    6[COMMON] unsigned char 
  y               1    5[COMMON] unsigned char 
  temp            1    4[COMMON] unsigned char 
 Return value:  Size  Location     Type
                  1    wreg      void 
 Registers used:
		wreg, status,2, status,0, pclath, cstack
 Tracked objects:
		On entry : 
		On exit  : 
		Unchanged: 
 Data sizes:     COMMON   BANK0   BANK1   BANK3   BANK2
      Params:         0       0       0       0       0
      Locals:         3       0       0       0       0
      Temps:          1       0       0       0       0
      Totals:         4       0       0       0       0
Total ram usage:        4 bytes
 Hardware stack levels used:    1
 Hardware stack levels required when called:    2
 This function calls:
		_Lcd_Port
 This function is called by:
		_main
		_Lcd_Write_String
 This function uses a non-reentrant model


 *************** function _Lcd_Set_Cursor *****************
 Defined at:
		line 42 in file "lcd4.c"
 Parameters:    Size  Location     Type
  a               1    wreg     unsigned char 
  b               1    6[COMMON] unsigned char 
 Auto vars:     Size  Location     Type
  a               1    0[BANK0 ] unsigned char 
  temp            1    3[BANK0 ] unsigned char 
  y               1    2[BANK0 ] unsigned char 
  z               1    1[BANK0 ] unsigned char 
 Return value:  Size  Location     Type
                  1    wreg      void 
 Registers used:
		wreg, status,2, status,0, pclath, cstack
 Tracked objects:
		On entry : 
		On exit  : 
		Unchanged: 
 Data sizes:     COMMON   BANK0   BANK1   BANK3   BANK2
      Params:         1       0       0       0       0
      Locals:         0       4       0       0       0
      Temps:          2       0       0       0       0
      Totals:         3       4       0       0       0
Total ram usage:        7 bytes
 Hardware stack levels used:    1
 Hardware stack levels required when called:    3
 This function calls:
		_Lcd_Cmd
 This function is called by:
		_main
 This function uses a non-reentrant model


 *************** function _Lcd_Init *****************
 Defined at:
		line 63 in file "lcd4.c"
 Parameters:    Size  Location     Type
		None
 Auto vars:     Size  Location     Type
		None
 Return value:  Size  Location     Type
                  1    wreg      void 
 Registers used:
		wreg, status,2, status,0, pclath, cstack
 Tracked objects:
		On entry : 
		On exit  : 
		Unchanged: 
 Data sizes:     COMMON   BANK0   BANK1   BANK3   BANK2
      Params:         0       0       0       0       0
      Locals:         0       0       0       0       0
      Temps:          2       0       0       0       0
      Totals:         2       0       0       0       0
Total ram usage:        2 bytes
 Hardware stack levels used:    1
 Hardware stack levels required when called:    3
 This function calls:
		_Lcd_Cmd
		_Lcd_Port
 This function is called by:
		_main
 This function uses a non-reentrant model


 *************** function _Lcd_Cmd *****************
 Defined at:
		line 27 in file "lcd4.c"
 Parameters:    Size  Location     Type
  a               1    wreg     unsigned char 
 Auto vars:     Size  Location     Type
  a               1    5[COMMON] unsigned char 
 Return value:  Size  Location     Type
                  1    wreg      void 
 Registers used:
		wreg, status,2, status,0, pclath, cstack
 Tracked objects:
		On entry : 
		On exit  : 
		Unchanged: 
 Data sizes:     COMMON   BANK0   BANK1   BANK3   BANK2
      Params:         0       0       0       0       0
      Locals:         1       0       0       0       0
      Temps:          2       0       0       0       0
      Totals:         3       0       0       0       0
Total ram usage:        3 bytes
 Hardware stack levels used:    1
 Hardware stack levels required when called:    2
 This function calls:
		_Lcd_Port
 This function is called by:
		_Lcd_Set_Cursor
		_Lcd_Init
		_Lcd_Clear
		_Lcd_Shift_Right
		_Lcd_Shift_Left
 This function uses a non-reentrant model


 *************** function _Lcd_Port *****************
 Defined at:
		line 5 in file "lcd4.c"
 Parameters:    Size  Location     Type
  a               1    wreg     unsigned char 
 Auto vars:     Size  Location     Type
  a               1    2[COMMON] unsigned char 
 Return value:  Size  Location     Type
                  1    wreg      void 
 Registers used:
		wreg
 Tracked objects:
		On entry : 
		On exit  : 
		Unchanged: 
 Data sizes:     COMMON   BANK0   BANK1   BANK3   BANK2
      Params:         0       0       0       0       0
      Locals:         1       0       0       0       0
      Temps:          0       0       0       0       0
      Totals:         1       0       0       0       0
Total ram usage:        1 bytes
 Hardware stack levels used:    1
 Hardware stack levels required when called:    1
 This function calls:
		Nothing
 This function is called by:
		_Lcd_Cmd
		_Lcd_Init
		_Lcd_Write_Char
 This function uses a non-reentrant model


 *************** function _Interrupt_Init *****************
 Defined at:
		line 160 in file "ADC.c"
 Parameters:    Size  Location     Type
		None
 Auto vars:     Size  Location     Type
		None
 Return value:  Size  Location     Type
                  1    wreg      void 
 Registers used:
		None
 Tracked objects:
		On entry : 
		On exit  : 
		Unchanged: 
 Data sizes:     COMMON   BANK0   BANK1   BANK3   BANK2
      Params:         0       0       0       0       0
      Locals:         0       0       0       0       0
      Temps:          0       0       0       0       0
      Totals:         0       0       0       0       0
Total ram usage:        0 bytes
 Hardware stack levels used:    1
 Hardware stack levels required when called:    1
 This function calls:
		Nothing
 This function is called by:
		_main
 This function uses a non-reentrant model


 *************** function _ADC_Init *****************
 Defined at:
		line 96 in file "ADC.c"
 Parameters:    Size  Location     Type
  channel         1    wreg     unsigned char 
 Auto vars:     Size  Location     Type
  channel         1    4[COMMON] unsigned char 
 Return value:  Size  Location     Type
                  1    wreg      void 
 Registers used:
		wreg, fsr0l, fsr0h, status,2, status,0
 Tracked objects:
		On entry : 
		On exit  : 
		Unchanged: 
 Data sizes:     COMMON   BANK0   BANK1   BANK3   BANK2
      Params:         0       0       0       0       0
      Locals:         1       0       0       0       0
      Temps:          2       0       0       0       0
      Totals:         3       0       0       0       0
Total ram usage:        3 bytes
 Hardware stack levels used:    1
 Hardware stack levels required when called:    1
 This function calls:
		Nothing
 This function is called by:
		_main
 This function uses a non-reentrant model


 *************** function _My_interrupt *****************
 Defined at:
		line 170 in file "ADC.c"
 Parameters:    Size  Location     Type
		None
 Auto vars:     Size  Location     Type
		None
 Return value:  Size  Location     Type
                  1    wreg      void 
 Registers used:
		wreg
 Tracked objects:
		On entry : 
		On exit  : 
		Unchanged: 
 Data sizes:     COMMON   BANK0   BANK1   BANK3   BANK2
      Params:         0       0       0       0       0
      Locals:         0       0       0       0       0
      Temps:          2       0       0       0       0
      Totals:         2       0       0       0       0
Total ram usage:        2 bytes
 Hardware stack levels used:    1
 This function calls:
		Nothing
 This function is called by:
		Interrupt level 1
 This function uses a non-reentrant model



MODULE INFORMATION

Module		Function		Class		Link	Load	Size
D:\Mplab X\xc8\pic\sources\c90\common\lwmod.c
		___lwmod       		CODE           	1415	0000	51

D:\Mplab X\xc8\pic\sources\c90\common\lwmod.c estimated size: 51

USART.c
		_UART_Read     		CODE           	07F9	0000	7
		_UART_Init     		CODE           	0840	0000	218
		_UART_Read_Text		CODE           	138F	0000	33
		_UART_Write    		CODE           	1321	0000	11

USART.c estimated size: 269

D:\Mplab X\xc8\pic\sources\c90\common\sprcdiv.c
		___fldiv       		CODE           	0919	0000	420

D:\Mplab X\xc8\pic\sources\c90\common\sprcdiv.c estimated size: 420

D:\Mplab X\xc8\pic\sources\c90\common\xxtofl.c
		___xxtofl      		CODE           	175B	0000	166

D:\Mplab X\xc8\pic\sources\c90\common\xxtofl.c estimated size: 166

lcd4.c
		_Lcd_Write_String		CODE           	13D0	0000	35
		_Lcd_Init      		CODE           	1558	0000	93
		_Lcd_Write_Char		CODE           	1447	0000	58
		_Lcd_Cmd       		CODE           	1355	0000	27
		_Lcd_Set_Cursor		CODE           	1508	0000	81
		_Lcd_Port      		CODE           	133B	0000	27

lcd4.c estimated size: 321

D:\Mplab X\xc8\pic\sources\c90\common\fltol.c
		___fltol       		CODE           	15B4	0000	132

D:\Mplab X\xc8\pic\sources\c90\common\fltol.c estimated size: 132

D:\Mplab X\xc8\pic\sources\c90\common\lwdiv.c
		___lwdiv       		CODE           	0802	0000	63

D:\Mplab X\xc8\pic\sources\c90\common\lwdiv.c estimated size: 63

D:\Mplab X\xc8\pic\sources\c90\common\sprcadd.c
		___flsub       		CODE           	14BA	0000	79
		___fladd       		CODE           	0ABC	0000	560

D:\Mplab X\xc8\pic\sources\c90\common\sprcadd.c estimated size: 639

D:\Mplab X\xc8\pic\sources\c90\common\aldiv.c
		___aldiv       		CODE           	1637	0000	144

D:\Mplab X\xc8\pic\sources\c90\common\aldiv.c estimated size: 144

D:\Mplab X\xc8\pic\sources\c90\common\Umul8_16.c
		__Umul8_16     		CODE           	13F2	0000	36

D:\Mplab X\xc8\pic\sources\c90\common\Umul8_16.c estimated size: 36

shared
		__stringtab    		STRING         	1000	0000	7
		__initialization		CODE           	000F	0000	31

shared estimated size: 38

ADC.c
		_PID_Init      		CODE           	0031	0000	1282
		_main          		CODE           	0532	0000	648
		_Read_ADC      		CODE           	1480	0000	59
		_Timer1_Init   		CODE           	132B	0000	17
		_Interrupt_Init		CODE           	1311	0000	9
		_ADC_Init      		CODE           	07B9	0000	65
		_My_interrupt  		CODE           	136F	0000	33

ADC.c estimated size: 2113

D:\Mplab X\xc8\pic\sources\c90\common\Umul16.c
		___wmul        		CODE           	13AF	0000	34

D:\Mplab X\xc8\pic\sources\c90\common\Umul16.c estimated size: 34

D:\Mplab X\xc8\pic\sources\c90\common\flge.c
		___flge        		CODE           	16C6	0000	150

D:\Mplab X\xc8\pic\sources\c90\common\flge.c estimated size: 150

D:\Mplab X\xc8\pic\sources\c90\common\sprcmul.c
		___flmul       		CODE           	0CEB	0000	790

D:\Mplab X\xc8\pic\sources\c90\common\sprcmul.c estimated size: 790

