Microchip MPLAB XC8 Compiler V2.05 ()

Linker command line:

-W-3 --edf=D:\PROGRAM\MPLABX v5.20\XC8 v2.05\pic\dat\en_msgs.txt -cs \
  -h+dist/default/production\code_Dieu_khien.X.production.sym \
  --cmf=dist/default/production\code_Dieu_khien.X.production.cmf -z \
  -Q16F877A -oC:\Users\Admin\AppData\Local\Temp\s2so.2 \
  --defsym=__MPLAB_BUILD=1 \
  -Mdist/default/production/code_Dieu_khien.X.production.map -E1 -ver=XC8 \
  --acfsm=1493 -ASTACK=0110h-016Fh -pstack=STACK -ACODE=00h-07FFhx4 \
  -ASTRCODE=00h-01FFFh -ASTRING=00h-0FFhx32 -ACONST=00h-0FFhx32 \
  -AENTRY=00h-0FFhx32 -ACOMMON=070h-07Fh -ABANK0=020h-06Fh \
  -ABANK1=0A0h-0EFh -ABANK2=0110h-016Fh -ABANK3=0190h-01EFh \
  -ARAM=020h-06Fh,0A0h-0EFh,0110h-016Fh,0190h-01EFh \
  -AABS1=020h-07Fh,0A0h-0EFh,0110h-016Fh,0190h-01EFh -ASFR0=00h-01Fh \
  -ASFR1=080h-09Fh -ASFR2=0100h-010Fh -ASFR3=0180h-018Fh \
  -preset_vec=00h,intentry=04h,init,end_init -ppowerup=CODE -pcinit=CODE \
  -pfunctab=ENTRY -ACONFIG=02007h-02007h -pconfig=CONFIG -DCONFIG=2 \
  -AIDLOC=02000h-02003h -pidloc=IDLOC -DIDLOC=2 -AEEDATA=00h-0FFh/02100h \
  -peeprom_data=EEDATA -DEEDATA=2 -DCODE=2 -DSTRCODE=2 -DSTRING=2 -DCONST=2 \
  -DENTRY=2 -k C:\Users\Admin\AppData\Local\Temp\s2so.o \
  dist/default/production\code_Dieu_khien.X.production.o 

Object code version is 3.11

Machine type is 16F877A



                Name                               Link     Load   Length Selector   Space Scale
C:\Users\Admin\AppData\Local\Temp\s2so.o
                end_init                             10       10        3        8       0
                reset_vec                             0        0        3        0       0
                config                             2007     2007        1     400E       0
dist/default/production\code_Dieu_khien.X.production.o
                cinit                                13       13        C        8       0
                intentry                              4        4        C        8       0
                text31                             14BA     14BA      1A3     2974       0
                text30                              824      824      23F     1048       0
                text29                             1DC4     1DC4       22     3B88       0
                text28                             1083     1083       6D     2106       0
                text27                             1285     1285       A3     250A       0
                text26                             101C     101C       67     2038       0
                text25                             1004     1004       18     2008       0
                text24                             1D76     1D76        7     3AEC       0
                text23                             1E53     1E53       2E     3CA6       0
                text22                             1DA4     1DA4       20     3B48       0
                text21                             1F9F     1F9F       61     3F3E       0
                text20                              801      801       23     1002       0
                text19                             1F4F     1F4F       50     3E9E       0
                text18                             1EBF     1EBF       43     3D7E       0
                text17                              7A1      7A1       5B        8       0
                text16                             1F02     1F02       4D     3E04       0
                text15                             115D     115D       93     22BA       0
                text14                             1D8D     1D8D       17     3B1A       0
                text13                             1E2D     1E2D       26     3C5A       0
                text12                             165D     165D      1A3     2CBA       0
                text11                             11F0     11F0       95     23E0       0
                text10                             1E08     1E08       25     3C10       0
                text9                               48C      48C      315        8       0
                text8                               D16      D16      2EA     1A2C       0
                text7                              1DE6     1DE6       22     3BCC       0
                text6                              10F0     10F0       6D     21E0       0
                text5                              1328     1328       A5     2650       0
                text4                                1F       1F      46D        8       0
                text3                              1E81     1E81       3E     3D02       0
                text2                               A63      A63      2B3     14C6       0
                text1                              1D7D     1D7D       10     3AFA       0
                maintext                           13CD     13CD       ED     279A       0
                cstackBANK0                          20       20       30       20       1
                cstackCOMMON                         70       70        E       70       1
                cstackBANK1                          A0       A0       50       A0       1
                cstackBANK3                         190      190       39      190       1
                bssBANK3                            1ED      1ED        2      190       1
                bssBANK0                             5C       5C        2       20       1
                strings                            1800     1800       2B     3000       0
                nvBANK3                             1C9      1C9       24      190       1
                nvBANK0                              50       50        C       20       1

TOTAL           Name                               Link     Load   Length     Space
        CLASS   STACK          

        CLASS   CODE           
                end_init                             10       10        3         0
                cinit                                13       13        C         0
                intentry                              4        4        C         0
                reset_vec                             0        0        3         0
                text31                             14BA     14BA      1A3         0
                text30                              824      824      23F         0
                text29                             1DC4     1DC4       22         0
                text28                             1083     1083       6D         0
                text27                             1285     1285       A3         0
                text26                             101C     101C       67         0
                text25                             1004     1004       18         0
                text24                             1D76     1D76        7         0
                text23                             1E53     1E53       2E         0
                text22                             1DA4     1DA4       20         0
                text21                             1F9F     1F9F       61         0
                text20                              801      801       23         0
                text19                             1F4F     1F4F       50         0
                text18                             1EBF     1EBF       43         0
                text17                              7A1      7A1       5B         0
                text16                             1F02     1F02       4D         0
                text15                             115D     115D       93         0
                text14                             1D8D     1D8D       17         0
                text13                             1E2D     1E2D       26         0
                text12                             165D     165D      1A3         0
                text11                             11F0     11F0       95         0
                text10                             1E08     1E08       25         0
                text9                               48C      48C      315         0
                text8                               D16      D16      2EA         0
                text7                              1DE6     1DE6       22         0
                text6                              10F0     10F0       6D         0
                text5                              1328     1328       A5         0
                text4                                1F       1F      46D         0
                text3                              1E81     1E81       3E         0
                text2                               A63      A63      2B3         0
                text1                              1D7D     1D7D       10         0
                maintext                           13CD     13CD       ED         0

        CLASS   STRCODE        

        CLASS   STRING         
                strings                            1800     1800       2B         0

        CLASS   CONST          

        CLASS   ENTRY          

        CLASS   COMMON         
                cstackCOMMON                         70       70        E         1

        CLASS   BANK0          
                cstackBANK0                          20       20       30         1
                bssBANK0                             5C       5C        2         1
                nvBANK0                              50       50        C         1

        CLASS   BANK1          
                cstackBANK1                          A0       A0       50         1

        CLASS   BANK2          

        CLASS   BANK3          
                cstackBANK3                         190      190       39         1
                bssBANK3                            1ED      1ED        2         1
                nvBANK3                             1C9      1C9       24         1

        CLASS   RAM            

        CLASS   ABS1           
                abs_s1                               7E       7E        2         1

        CLASS   SFR0           

        CLASS   SFR1           

        CLASS   SFR2           

        CLASS   SFR3           

        CLASS   CONFIG         
                config                             2007     2007        1         0

        CLASS   IDLOC          

        CLASS   EEDATA         



SEGMENTS        Name                           Load    Length   Top    Selector   Space  Class     Delta

                reset_vec                      000000  000003  000003         0       0  CODE        2
                intentry                       000004  0007F8  0007FC         8       0  CODE        2
                cstackBANK0                    000020  00003E  00005E        20       1  BANK0       1
                cstackCOMMON                   000070  00000E  00007E        70       1  COMMON      1
                cstackBANK1                    0000A0  000050  0000F0        A0       1  BANK1       1
                cstackBANK3                    000190  00005F  0001EF       190       1  BANK3       1
                text20                         000801  000023  000824      1002       0  CODE        2
                text30                         000824  00023F  000A63      1048       0  CODE        2
                text2                          000A63  0002B3  000D16      14C6       0  CODE        2
                text8                          000D16  0002EA  001000      1A2C       0  CODE        2
                text25                         001004  000018  00101C      2008       0  CODE        2
                text26                         00101C  000067  001083      2038       0  CODE        2
                text28                         001083  00006D  0010F0      2106       0  CODE        2
                text6                          0010F0  00006D  00115D      21E0       0  CODE        2
                text15                         00115D  000093  0011F0      22BA       0  CODE        2
                text11                         0011F0  000095  001285      23E0       0  CODE        2
                text27                         001285  0000A3  001328      250A       0  CODE        2
                text5                          001328  0000A5  0013CD      2650       0  CODE        2
                maintext                       0013CD  0000ED  0014BA      279A       0  CODE        2
                text31                         0014BA  0001A3  00165D      2974       0  CODE        2
                text12                         00165D  0001A3  001800      2CBA       0  CODE        2
                strings                        001800  00002B  00182B      3000       0  STRING      2
                text24                         001D76  000007  001D7D      3AEC       0  CODE        2
                text1                          001D7D  000010  001D8D      3AFA       0  CODE        2
                text14                         001D8D  000017  001DA4      3B1A       0  CODE        2
                text22                         001DA4  000020  001DC4      3B48       0  CODE        2
                text29                         001DC4  000022  001DE6      3B88       0  CODE        2
                text7                          001DE6  000022  001E08      3BCC       0  CODE        2
                text10                         001E08  000025  001E2D      3C10       0  CODE        2
                text13                         001E2D  000026  001E53      3C5A       0  CODE        2
                text23                         001E53  00002E  001E81      3CA6       0  CODE        2
                text3                          001E81  00003E  001EBF      3D02       0  CODE        2
                text18                         001EBF  000043  001F02      3D7E       0  CODE        2
                text16                         001F02  00004D  001F4F      3E04       0  CODE        2
                text19                         001F4F  000050  001F9F      3E9E       0  CODE        2
                text21                         001F9F  000061  002000      3F3E       0  CODE        2
                config                         002007  000001  002008      400E       0  CONFIG      2


UNUSED ADDRESS RANGES

        Name                Unused          Largest block    Delta
        BANK0            005E-006F             12           1
        BANK2            0110-016F             60           1
        BANK3            01EF-01EF              1           1
        CODE             0003-0003              1           2
                         07FC-0800              4
                         1000-1003              4
                         182B-1D75            54B
        CONST            0003-0003              1           2
                         07FC-0800              4
                         1000-1003              4
                         182B-1D75            100
        EEDATA           2100-21FF            100           2
        ENTRY            0003-0003              1           2
                         07FC-0800              4
                         1000-1003              4
                         182B-1D75            100
        IDLOC            2000-2003              4           2
        RAM              005E-006F             12           1
                         0110-016F             60
                         01EF-01EF              1
        SFR0             0000-001F             20           1
        SFR1             0080-009F             20           1
        SFR2             0100-010F             10           1
        SFR3             0180-018F             10           1
        STACK            0110-016F             60           1
        STRCODE          0003-0003              1           2
                         07FC-0800              5
                         1000-1003              4
                         182B-1D75            54B
        STRING           0003-0003              1           2
                         07FC-0800              4
                         1000-1003              4
                         182B-1D75            100

                                  Symbol Table

?_PID_Init                 cstackBANK3  01B3
?_Read_ADC                 cstackBANK1  00A0
?__Umul8_16                cstackBANK1  00A0
?___awdiv                  cstackBANK1  00A7
?___awmod                  cstackBANK1  00A0
?___fladd                  cstackBANK3  0190
?___fldiv                  cstackBANK1  00D1
?___flmul                  cstackBANK1  00B7
?___flsub                  cstackBANK3  01A0
?___fltol                  cstackBANK3  01A8
?___xxtofl                 cstackBANK1  00A9
?i1___fladd                cstackCOMMON 0070
?i1___fldiv                cstackBANK0  0020
?i1___flsub                cstackBANK0  003A
?i1___fltol                cstackBANK0  0042
?i1___xxtofl               cstackCOMMON 0070
Display@set_temp           cstackBANK1  00B0
Display@temp               cstackBANK1  00B3
Lcd_Cmd@a                  cstackBANK1  00A3
Lcd_Port@a                 cstackBANK1  00A0
Lcd_Set_Cursor@a           cstackBANK1  00A7
Lcd_Set_Cursor@b           cstackBANK1  00A4
Lcd_Set_Cursor@temp        cstackBANK1  00AA
Lcd_Set_Cursor@y           cstackBANK1  00A9
Lcd_Set_Cursor@z           cstackBANK1  00A8
Lcd_Set_Port@a             cstackBANK1  00A2
Lcd_Write_Char@a           cstackBANK1  00A4
Lcd_Write_Char@temp        cstackBANK1  00A2
Lcd_Write_Char@y           cstackBANK1  00A3
Lcd_Write_String@a         cstackBANK1  00A7
Lcd_Write_String@i         cstackBANK1  00A5
PID_Init@nhietdo           cstackBANK3  01B3
PID_Init@nhietdodat        cstackBANK3  01B5
Read_ADC@N                 cstackBANK1  00A6
Read_ADC@channel           cstackBANK1  00A8
Set_temp@set_temp          cstackBANK1  00EF
_ADCON0                    (abs)        001F
_ADCS0                     (abs)        00FE
_ADCS1                     (abs)        00FF
_ADCS2                     (abs)        04FE
_ADC_Init                  text25       1004
_ADFM                      (abs)        04FF
_ADIE                      (abs)        0466
_ADIF                      (abs)        0066
_ADON                      (abs)        00F8
_ADRESH                    (abs)        001E
_ADRESL                    (abs)        009E
_Display                   text15       115D
_E                         nvBANK3      01E9
_E1                        nvBANK3      01E5
_E2                        nvBANK3      01E1
_GIE                       (abs)        005F
_GO_nDONE                  (abs)        00FA
_INTE                      (abs)        005C
_INTEDG                    (abs)        040E
_INTF                      (abs)        0059
_Interrupt_Init            text24       1D76
_Kd                        nvBANK3      01CD
_Ki                        nvBANK3      01D1
_Kp                        nvBANK3      01D5
_Lcd_Clear                 text14       1D8D
_Lcd_Cmd                   text22       1DA4
_Lcd_Init                  text21       1F9F
_Lcd_Port                  text23       1E53
_Lcd_Set_Cursor            text19       1F4F
_Lcd_Set_Port              text20       0801
_Lcd_Write_Char            text18       1EBF
_Lcd_Write_String          text13       1E2D
_My_interrupt              text26       101C
_PCFG0                     (abs)        04F8
_PCFG1                     (abs)        04F9
_PCFG2                     (abs)        04FA
_PCFG3                     (abs)        04FB
_PEIE                      (abs)        005E
_PID_Init                  text4        001F
_PID_Init$825              cstackBANK3  01BF
_PID_Init$826              cstackBANK3  01B7
_PID_Init$827              cstackBANK3  01BB
_RB1                       (abs)        0031
_RC0                       (abs)        0038
_RC1                       (abs)        0039
_RC2                       (abs)        003A
_RD0                       (abs)        0040
_RD1                       (abs)        0041
_RD2                       (abs)        0042
_RD3                       (abs)        0043
_RD4                       (abs)        0044
_RD5                       (abs)        0045
_RD6                       (abs)        0046
_RD7                       (abs)        0047
_Read_ADC                  text3        1E81
_Set_temp                  text2        0A63
_T                         nvBANK3      01DD
_T1CKPS0                   (abs)        0084
_T1CKPS1                   (abs)        0085
_T1OSCEN                   (abs)        0083
_T1SYNC                    (abs)        0082
_TMR1                      (abs)        000E
_TMR1CS                    (abs)        0081
_TMR1H                     (abs)        000F
_TMR1IE                    (abs)        0460
_TMR1IF                    (abs)        0060
_TMR1L                     (abs)        000E
_TMR1ON                    (abs)        0080
_TRISA                     (abs)        0085
_TRISA0                    (abs)        0428
_TRISB                     (abs)        0086
_TRISB0                    (abs)        0430
_TRISB1                    (abs)        0431
_TRISC                     (abs)        0087
_TRISC0                    (abs)        0438
_TRISC1                    (abs)        0439
_TRISC2                    (abs)        043A
_TRISD                     (abs)        0088
_Timer1_Init               text1        1D7D
__CFG_BOREN$OFF            (abs)        0000
__CFG_CP$OFF               (abs)        0000
__CFG_CPD$OFF              (abs)        0000
__CFG_FOSC$HS              (abs)        0000
__CFG_LVP$OFF              (abs)        0000
__CFG_PWRTE$OFF            (abs)        0000
__CFG_WDTE$OFF             (abs)        0000
__CFG_WRT$OFF              (abs)        0000
__Habs1                    abs1         0000
__Hbank0                   bank0        0000
__Hbank1                   bank1        0000
__Hbank2                   bank2        0000
__Hbank3                   bank3        0000
__HbssBANK0                bssBANK0     0000
__HbssBANK3                bssBANK3     0000
__Hcinit                   cinit        001F
__Hclrtext                 clrtext      0000
__Hcode                    code         0000
__Hcommon                  common       0000
__Hconfig                  config       2008
__HcstackBANK0             cstackBANK0  0000
__HcstackBANK1             cstackBANK1  0000
__HcstackBANK3             cstackBANK3  0000
__HcstackCOMMON            cstackCOMMON 0000
__Heeprom_data             eeprom_data  0000
__Hend_init                end_init     0013
__Hfunctab                 functab      0000
__Hidloc                   idloc        0000
__Hinit                    init         0010
__Hintentry                intentry     0010
__Hmaintext                maintext     0000
__HnvBANK0                 nvBANK0      0000
__HnvBANK3                 nvBANK3      0000
__Hpowerup                 powerup      0000
__Hram                     ram          0000
__Hreset_vec               reset_vec    0003
__Hsfr0                    sfr0         0000
__Hsfr1                    sfr1         0000
__Hsfr2                    sfr2         0000
__Hsfr3                    sfr3         0000
__Hspace_0                 (abs)        2008
__Hspace_1                 (abs)        01EF
__Hspace_2                 (abs)        0000
__Hspace_3                 (abs)        0000
__Hstack                   stack        0000
__Hstrings                 strings      0000
__Htext                    text         0000
__Labs1                    abs1         0000
__Lbank0                   bank0        0000
__Lbank1                   bank1        0000
__Lbank2                   bank2        0000
__Lbank3                   bank3        0000
__LbssBANK0                bssBANK0     0000
__LbssBANK3                bssBANK3     0000
__Lcinit                   cinit        0013
__Lclrtext                 clrtext      0000
__Lcode                    code         0000
__Lcommon                  common       0000
__Lconfig                  config       2007
__LcstackBANK0             cstackBANK0  0000
__LcstackBANK1             cstackBANK1  0000
__LcstackBANK3             cstackBANK3  0000
__LcstackCOMMON            cstackCOMMON 0000
__Leeprom_data             eeprom_data  0000
__Lend_init                end_init     0010
__Lfunctab                 functab      0000
__Lidloc                   idloc        0000
__Linit                    init         0010
__Lintentry                intentry     0004
__Lmaintext                maintext     0000
__LnvBANK0                 nvBANK0      0000
__LnvBANK3                 nvBANK3      0000
__Lpowerup                 powerup      0000
__Lram                     ram          0000
__Lreset_vec               reset_vec    0000
__Lsfr0                    sfr0         0000
__Lsfr1                    sfr1         0000
__Lsfr2                    sfr2         0000
__Lsfr3                    sfr3         0000
__Lspace_0                 (abs)        0000
__Lspace_1                 (abs)        0000
__Lspace_2                 (abs)        0000
__Lspace_3                 (abs)        0000
__Lstack                   stack        0000
__Lstrings                 strings      0000
__Ltext                    text         0000
__S0                       (abs)        2008
__S1                       (abs)        01EF
__S2                       (abs)        0000
__S3                       (abs)        0000
__Umul8_16                 text10       1E08
__Umul8_16@multiplicand    cstackBANK1  00A0
__Umul8_16@multiplier      cstackBANK1  00A8
__Umul8_16@product         cstackBANK1  00A4
__Umul8_16@word_mpld       cstackBANK1  00A6
___awdiv                   text17       07A1
___awdiv@counter           cstackBANK1  00AC
___awdiv@dividend          cstackBANK1  00A9
___awdiv@divisor           cstackBANK1  00A7
___awdiv@quotient          cstackBANK1  00AE
___awdiv@sign              cstackBANK1  00AD
___awmod                   text16       1F02
___awmod@counter           cstackBANK1  00A5
___awmod@dividend          cstackBANK1  00A2
___awmod@divisor           cstackBANK1  00A0
___awmod@sign              cstackBANK1  00A6
___fladd                   text8        0D16
___fladd@a                 cstackBANK3  0194
___fladd@aexp              cstackBANK1  00EC
___fladd@b                 cstackBANK3  0190
___fladd@bexp              cstackBANK1  00ED
___fladd@grs               cstackBANK1  00EE
___fladd@signs             cstackBANK1  00EB
___fldiv                   text12       165D
___fldiv@a                 cstackBANK1  00D1
___fldiv@aexp              cstackBANK1  00EA
___fldiv@b                 cstackBANK1  00D5
___fldiv@bexp              cstackBANK1  00E9
___fldiv@grs               cstackBANK1  00E5
___fldiv@new_exp           cstackBANK1  00E3
___fldiv@rem               cstackBANK1  00DE
___fldiv@sign              cstackBANK1  00E2
___flge                    text11       11F0
___flge@ff1                cstackBANK1  00A0
___flge@ff2                cstackBANK1  00A4
___flmul                   text9        048C
___flmul@a                 cstackBANK1  00BB
___flmul@aexp              cstackBANK1  00C9
___flmul@b                 cstackBANK1  00B7
___flmul@bexp              cstackBANK1  00CA
___flmul@grs               cstackBANK1  00C5
___flmul@prod              cstackBANK1  00CB
___flmul@sign              cstackBANK1  00C4
___flmul@temp              cstackBANK1  00CF
___flsub                   text7        1DE6
___flsub@a                 cstackBANK3  01A0
___flsub@b                 cstackBANK3  01A4
___fltol                   text6        10F0
___fltol@exp1              cstackBANK3  01B2
___fltol@f1                cstackBANK3  01A8
___fltol@sign1             cstackBANK3  01B1
___int_sp                  stack        0000
___latbits                 (abs)        0002
___sp                      stack        0000
___stackhi                 (abs)        0000
___stacklo                 (abs)        0000
___xxtofl                  text5        1328
___xxtofl@arg              cstackBANK1  00B3
___xxtofl@exp              cstackBANK1  00B2
___xxtofl@sign             cstackBANK1  00B1
___xxtofl@val              cstackBANK1  00A9
__end_of_ADC_Init          text25       101C
__end_of_Display           text15       11F0
__end_of_Interrupt_Init    text24       1D7D
__end_of_Lcd_Clear         text14       1DA4
__end_of_Lcd_Cmd           text22       1DC4
__end_of_Lcd_Init          text21       2000
__end_of_Lcd_Port          text23       1E81
__end_of_Lcd_Set_Cursor    text19       1F9F
__end_of_Lcd_Set_Port      text20       0824
__end_of_Lcd_Write_Char    text18       1F02
__end_of_Lcd_Write_String  text13       1E53
__end_of_My_interrupt      text26       1083
__end_of_PID_Init          text4        048C
__end_of_Read_ADC          text3        1EBF
__end_of_Set_temp          text2        0D16
__end_of_Timer1_Init       text1        1D8D
__end_of__Umul8_16         text10       1E2D
__end_of___awdiv           text17       07FC
__end_of___awmod           text16       1F4F
__end_of___fladd           text8        1000
__end_of___fldiv           text12       1800
__end_of___flge            text11       1285
__end_of___flmul           text9        07A1
__end_of___flsub           text7        1E08
__end_of___fltol           text6        115D
__end_of___xxtofl          text5        13CD
__end_of__initialization   cinit        001B
__end_of__stringtab        strings      1806
__end_of_main              maintext     14BA
__end_ofi1___fladd         text30       0A63
__end_ofi1___fldiv         text31       165D
__end_ofi1___flsub         text29       1DE6
__end_ofi1___fltol         text28       10F0
__end_ofi1___xxtofl        text27       1328
__initialization           cinit        0013
__pbssBANK0                bssBANK0     005C
__pbssBANK3                bssBANK3     01ED
__pcstackBANK0             cstackBANK0  0020
__pcstackBANK1             cstackBANK1  00A0
__pcstackBANK3             cstackBANK3  0190
__pcstackCOMMON            cstackCOMMON 0070
__pintentry                intentry     0004
__pmaintext                maintext     13CD
__pnvBANK0                 nvBANK0      0050
__pnvBANK3                 nvBANK3      01C9
__pstrings                 strings      1800
__ptext1                   text1        1D7D
__ptext10                  text10       1E08
__ptext11                  text11       11F0
__ptext12                  text12       165D
__ptext13                  text13       1E2D
__ptext14                  text14       1D8D
__ptext15                  text15       115D
__ptext16                  text16       1F02
__ptext17                  text17       07A1
__ptext18                  text18       1EBF
__ptext19                  text19       1F4F
__ptext2                   text2        0A63
__ptext20                  text20       0801
__ptext21                  text21       1F9F
__ptext22                  text22       1DA4
__ptext23                  text23       1E53
__ptext24                  text24       1D76
__ptext25                  text25       1004
__ptext26                  text26       101C
__ptext27                  text27       1285
__ptext28                  text28       1083
__ptext29                  text29       1DC4
__ptext3                   text3        1E81
__ptext30                  text30       0824
__ptext31                  text31       14BA
__ptext4                   text4        001F
__ptext5                   text5        1328
__ptext6                   text6        10F0
__ptext7                   text7        1DE6
__ptext8                   text8        0D16
__ptext9                   text9        048C
__size_of_ADC_Init         (abs)        0000
__size_of_Display          (abs)        0000
__size_of_Interrupt_Init   (abs)        0000
__size_of_Lcd_Clear        (abs)        0000
__size_of_Lcd_Cmd          (abs)        0000
__size_of_Lcd_Init         (abs)        0000
__size_of_Lcd_Port         (abs)        0000
__size_of_Lcd_Set_Cursor   (abs)        0000
__size_of_Lcd_Set_Port     (abs)        0000
__size_of_Lcd_Write_Char   (abs)        0000
__size_of_Lcd_Write_String (abs)        0000
__size_of_My_interrupt     (abs)        0000
__size_of_PID_Init         (abs)        0000
__size_of_Read_ADC         (abs)        0000
__size_of_Set_temp         (abs)        0000
__size_of_Timer1_Init      (abs)        0000
__size_of__Umul8_16        (abs)        0000
__size_of___awdiv          (abs)        0000
__size_of___awmod          (abs)        0000
__size_of___fladd          (abs)        0000
__size_of___fldiv          (abs)        0000
__size_of___flge           (abs)        0000
__size_of___flmul          (abs)        0000
__size_of___flsub          (abs)        0000
__size_of___fltol          (abs)        0000
__size_of___xxtofl         (abs)        0000
__size_of_main             (abs)        0000
__size_ofi1___fladd        (abs)        0000
__size_ofi1___fldiv        (abs)        0000
__size_ofi1___flsub        (abs)        0000
__size_ofi1___fltol        (abs)        0000
__size_ofi1___xxtofl       (abs)        0000
__stringbase               strings      1805
__stringtab                strings      1800
_a1                        nvBANK3      01D9
_a2                        nvBANK0      0058
_a3                        nvBANK0      0054
_duty                      bssBANK0     005C
_main                      maintext     13CD
_out                       nvBANK3      01C9
_pre_out                   nvBANK0      0050
_t                         bssBANK3     01ED
btemp                      (abs)        007E
end_of_initialization      cinit        001B
i1___fladd                 text30       0824
i1___fladd@a               cstackCOMMON 0074
i1___fladd@aexp            cstackCOMMON 0079
i1___fladd@b               cstackCOMMON 0070
i1___fladd@bexp            cstackCOMMON 007A
i1___fladd@grs             cstackCOMMON 007B
i1___fladd@signs           cstackCOMMON 0078
i1___fldiv                 text31       14BA
i1___fldiv@a               cstackBANK0  0020
i1___fldiv@aexp            cstackBANK0  0039
i1___fldiv@b               cstackBANK0  0024
i1___fldiv@bexp            cstackBANK0  0038
i1___fldiv@grs             cstackBANK0  0034
i1___fldiv@new_exp         cstackBANK0  0032
i1___fldiv@rem             cstackBANK0  002D
i1___fldiv@sign            cstackBANK0  0031
i1___flsub                 text29       1DC4
i1___flsub@a               cstackBANK0  003A
i1___flsub@b               cstackBANK0  003E
i1___fltol                 text28       1083
i1___fltol@exp1            cstackBANK0  004C
i1___fltol@f1              cstackBANK0  0042
i1___fltol@sign1           cstackBANK0  004B
i1___xxtofl                text27       1285
i1___xxtofl@arg            cstackCOMMON 007A
i1___xxtofl@exp            cstackCOMMON 0079
i1___xxtofl@sign           cstackCOMMON 0078
i1___xxtofl@val            cstackCOMMON 0070
interrupt_function         intentry     0004
intlevel0                  functab      0000
intlevel1                  functab      0000
intlevel2                  functab      0000
intlevel3                  functab      0000
intlevel4                  functab      0000
intlevel5                  functab      0000
reset_vec                  reset_vec    0000
saved_w                    (abs)        007E
start                      init         0010
start_initialization       cinit        0013
wtemp0                     (abs)        007E


FUNCTION INFORMATION:

 *************** function _main *****************
 Defined at:
		line 26 in file "main.c"
 Parameters:    Size  Location     Type
		None
 Auto vars:     Size  Location     Type
		None
 Return value:  Size  Location     Type
                  1    wreg      void 
 Registers used:
		wreg, fsr0l, fsr0h, status,2, status,0, btemp+1, pclath, cstack
 Tracked objects:
		On entry : 
		On exit  : 
		Unchanged: 
 Data sizes:     COMMON   BANK0   BANK1   BANK3   BANK2
      Params:         0       0       0       0       0
      Locals:         0       0       0       0       0
      Temps:          0       0       0       2       0
      Totals:         0       0       0       2       0
Total ram usage:        2 bytes
 Hardware stack levels required when called:    8
 This function calls:
		_ADC_Init
		_Interrupt_Init
		_Lcd_Init
		_Lcd_Set_Port
		_Lcd_Write_String
		_Set_temp
		_Timer1_Init
 This function is called by:
		Startup code after reset
 This function uses a non-reentrant model


 *************** function _Timer1_Init *****************
 Defined at:
		line 73 in file "main.c"
 Parameters:    Size  Location     Type
		None
 Auto vars:     Size  Location     Type
		None
 Return value:  Size  Location     Type
                  1    wreg      void 
 Registers used:
		status,2
 Tracked objects:
		On entry : 
		On exit  : 
		Unchanged: 
 Data sizes:     COMMON   BANK0   BANK1   BANK3   BANK2
      Params:         0       0       0       0       0
      Locals:         0       0       0       0       0
      Temps:          0       0       0       0       0
      Totals:         0       0       0       0       0
Total ram usage:        0 bytes
 Hardware stack levels used:    1
 Hardware stack levels required when called:    3
 This function calls:
		Nothing
 This function is called by:
		_main
 This function uses a non-reentrant model


 *************** function _Set_temp *****************
 Defined at:
		line 157 in file "main.c"
 Parameters:    Size  Location     Type
		None
 Auto vars:     Size  Location     Type
  set_temp        1   79[BANK1 ] unsigned char 
 Return value:  Size  Location     Type
                  1    wreg      void 
 Registers used:
		wreg, fsr0l, fsr0h, status,2, status,0, btemp+1, pclath, cstack
 Tracked objects:
		On entry : 
		On exit  : 
		Unchanged: 
 Data sizes:     COMMON   BANK0   BANK1   BANK3   BANK2
      Params:         0       0       0       0       0
      Locals:         0       0       1       0       0
      Temps:          0       0       0       4       0
      Totals:         0       0       1       4       0
Total ram usage:        5 bytes
 Hardware stack levels used:    1
 Hardware stack levels required when called:    7
 This function calls:
		_Display
		_Lcd_Clear
		_Lcd_Set_Cursor
		_Lcd_Write_String
		_PID_Init
		_Read_ADC
		___fladd
		___flmul
		___fltol
		___xxtofl
 This function is called by:
		_main
 This function uses a non-reentrant model


 *************** function _Read_ADC *****************
 Defined at:
		line 118 in file "main.c"
 Parameters:    Size  Location     Type
  channel         1    wreg     unsigned char 
 Auto vars:     Size  Location     Type
  channel         1    8[BANK1 ] unsigned char 
  N               2    6[BANK1 ] unsigned int 
 Return value:  Size  Location     Type
                  2    0[BANK1 ] unsigned int 
 Registers used:
		wreg, status,2, status,0
 Tracked objects:
		On entry : 
		On exit  : 
		Unchanged: 
 Data sizes:     COMMON   BANK0   BANK1   BANK3   BANK2
      Params:         0       0       2       0       0
      Locals:         0       0       3       0       0
      Temps:          0       0       4       0       0
      Totals:         0       0       9       0       0
Total ram usage:        9 bytes
 Hardware stack levels used:    1
 Hardware stack levels required when called:    3
 This function calls:
		Nothing
 This function is called by:
		_Set_temp
 This function uses a non-reentrant model


 *************** function _PID_Init *****************
 Defined at:
		line 142 in file "main.c"
 Parameters:    Size  Location     Type
  nhietdo         2   35[BANK3 ] unsigned int 
  nhietdodat      2   37[BANK3 ] unsigned int 
 Auto vars:     Size  Location     Type
		None
 Return value:  Size  Location     Type
                  2   35[BANK3 ] unsigned int 
 Registers used:
		wreg, status,2, status,0, btemp+1, pclath, cstack
 Tracked objects:
		On entry : 
		On exit  : 
		Unchanged: 
 Data sizes:     COMMON   BANK0   BANK1   BANK3   BANK2
      Params:         0       0       0       4       0
      Locals:         0       0       0      12       0
      Temps:          0       0       0       0       0
      Totals:         0       0       0      16       0
Total ram usage:       16 bytes
 Hardware stack levels used:    1
 Hardware stack levels required when called:    5
 This function calls:
		___fladd
		___fldiv
		___flge
		___flmul
		___flsub
		___fltol
		___xxtofl
 This function is called by:
		_Set_temp
 This function uses a non-reentrant model


 *************** function ___xxtofl *****************
 Defined at:
		line 10 in file "D:\PROGRAM\MPLABX v5.20\XC8 v2.05\pic\sources\c90\common\xxtofl.c"
 Parameters:    Size  Location     Type
  sign            1    wreg     unsigned char 
  val             4    9[BANK1 ] long 
 Auto vars:     Size  Location     Type
  sign            1   17[BANK1 ] unsigned char 
  arg             4   19[BANK1 ] unsigned long 
  exp             1   18[BANK1 ] unsigned char 
 Return value:  Size  Location     Type
                  4    9[BANK1 ] unsigned char 
 Registers used:
		wreg, status,2, status,0
 Tracked objects:
		On entry : 
		On exit  : 
		Unchanged: 
 Data sizes:     COMMON   BANK0   BANK1   BANK3   BANK2
      Params:         0       0       4       0       0
      Locals:         0       0       6       0       0
      Temps:          0       0       4       0       0
      Totals:         0       0      14       0       0
Total ram usage:       14 bytes
 Hardware stack levels used:    1
 Hardware stack levels required when called:    3
 This function calls:
		Nothing
 This function is called by:
		_PID_Init
		_Set_temp
 This function uses a non-reentrant model


 *************** function ___fltol *****************
 Defined at:
		line 43 in file "D:\PROGRAM\MPLABX v5.20\XC8 v2.05\pic\sources\c90\common\fltol.c"
 Parameters:    Size  Location     Type
  f1              4   24[BANK3 ] unsigned char 
 Auto vars:     Size  Location     Type
  exp1            1   34[BANK3 ] unsigned char 
  sign1           1   33[BANK3 ] unsigned char 
 Return value:  Size  Location     Type
                  4   24[BANK3 ] long 
 Registers used:
		wreg, status,2, status,0
 Tracked objects:
		On entry : 
		On exit  : 
		Unchanged: 
 Data sizes:     COMMON   BANK0   BANK1   BANK3   BANK2
      Params:         0       0       0       4       0
      Locals:         0       0       0       2       0
      Temps:          0       0       0       5       0
      Totals:         0       0       0      11       0
Total ram usage:       11 bytes
 Hardware stack levels used:    1
 Hardware stack levels required when called:    3
 This function calls:
		Nothing
 This function is called by:
		_PID_Init
		_Set_temp
 This function uses a non-reentrant model


 *************** function ___flsub *****************
 Defined at:
		line 242 in file "D:\PROGRAM\MPLABX v5.20\XC8 v2.05\pic\sources\c90\common\sprcadd.c"
 Parameters:    Size  Location     Type
  a               4   16[BANK3 ] long 
  b               4   20[BANK3 ] long 
 Auto vars:     Size  Location     Type
		None
 Return value:  Size  Location     Type
                  4   16[BANK3 ] long 
 Registers used:
		wreg, status,2, status,0, btemp+1, pclath, cstack
 Tracked objects:
		On entry : 
		On exit  : 
		Unchanged: 
 Data sizes:     COMMON   BANK0   BANK1   BANK3   BANK2
      Params:         0       0       0       8       0
      Locals:         0       0       0       0       0
      Temps:          0       0       0       0       0
      Totals:         0       0       0       8       0
Total ram usage:        8 bytes
 Hardware stack levels used:    1
 Hardware stack levels required when called:    4
 This function calls:
		___fladd
 This function is called by:
		_PID_Init
 This function uses a non-reentrant model


 *************** function ___fladd *****************
 Defined at:
		line 10 in file "D:\PROGRAM\MPLABX v5.20\XC8 v2.05\pic\sources\c90\common\sprcadd.c"
 Parameters:    Size  Location     Type
  b               4    0[BANK3 ] long 
  a               4    4[BANK3 ] long 
 Auto vars:     Size  Location     Type
  grs             1   78[BANK1 ] unsigned char 
  bexp            1   77[BANK1 ] unsigned char 
  aexp            1   76[BANK1 ] unsigned char 
  signs           1   75[BANK1 ] unsigned char 
 Return value:  Size  Location     Type
                  4    0[BANK3 ] unsigned char 
 Registers used:
		wreg, status,2, status,0, btemp+1
 Tracked objects:
		On entry : 
		On exit  : 
		Unchanged: 
 Data sizes:     COMMON   BANK0   BANK1   BANK3   BANK2
      Params:         0       0       0       8       0
      Locals:         0       0       4       0       0
      Temps:          0       0       0       8       0
      Totals:         0       0       4      16       0
Total ram usage:       20 bytes
 Hardware stack levels used:    1
 Hardware stack levels required when called:    3
 This function calls:
		Nothing
 This function is called by:
		_PID_Init
		_Set_temp
		___flsub
 This function uses a non-reentrant model


 *************** function ___flmul *****************
 Defined at:
		line 8 in file "D:\PROGRAM\MPLABX v5.20\XC8 v2.05\pic\sources\c90\common\sprcmul.c"
 Parameters:    Size  Location     Type
  b               4   23[BANK1 ] unsigned char 
  a               4   27[BANK1 ] unsigned char 
 Auto vars:     Size  Location     Type
  prod            4   43[BANK1 ] struct .
  grs             4   37[BANK1 ] unsigned long 
  temp            2   47[BANK1 ] struct .
  bexp            1   42[BANK1 ] unsigned char 
  aexp            1   41[BANK1 ] unsigned char 
  sign            1   36[BANK1 ] unsigned char 
 Return value:  Size  Location     Type
                  4   23[BANK1 ] unsigned char 
 Registers used:
		wreg, status,2, status,0, btemp+1, pclath, cstack
 Tracked objects:
		On entry : 
		On exit  : 
		Unchanged: 
 Data sizes:     COMMON   BANK0   BANK1   BANK3   BANK2
      Params:         0       0       8       0       0
      Locals:         0       0      13       0       0
      Temps:          0       0       5       0       0
      Totals:         0       0      26       0       0
Total ram usage:       26 bytes
 Hardware stack levels used:    1
 Hardware stack levels required when called:    4
 This function calls:
		__Umul8_16
 This function is called by:
		_PID_Init
		_Set_temp
 This function uses a non-reentrant model


 *************** function __Umul8_16 *****************
 Defined at:
		line 4 in file "D:\PROGRAM\MPLABX v5.20\XC8 v2.05\pic\sources\c90\common\Umul8_16.c"
 Parameters:    Size  Location     Type
  multiplier      1    wreg     unsigned char 
  multiplicand    1    0[BANK1 ] unsigned char 
 Auto vars:     Size  Location     Type
  multiplier      1    8[BANK1 ] unsigned char 
  word_mpld       2    6[BANK1 ] unsigned int 
  product         2    4[BANK1 ] unsigned int 
 Return value:  Size  Location     Type
                  2    0[BANK1 ] unsigned int 
 Registers used:
		wreg, status,2, status,0
 Tracked objects:
		On entry : 
		On exit  : 
		Unchanged: 
 Data sizes:     COMMON   BANK0   BANK1   BANK3   BANK2
      Params:         0       0       2       0       0
      Locals:         0       0       5       0       0
      Temps:          0       0       2       0       0
      Totals:         0       0       9       0       0
Total ram usage:        9 bytes
 Hardware stack levels used:    1
 Hardware stack levels required when called:    3
 This function calls:
		Nothing
 This function is called by:
		___flmul
 This function uses a non-reentrant model


 *************** function ___flge *****************
 Defined at:
		line 4 in file "D:\PROGRAM\MPLABX v5.20\XC8 v2.05\pic\sources\c90\common\flge.c"
 Parameters:    Size  Location     Type
  ff1             4    0[BANK1 ] unsigned int 
  ff2             4    4[BANK1 ] unsigned int 
 Auto vars:     Size  Location     Type
		None
 Return value:  Size  Location     Type
		None               void
 Registers used:
		wreg, status,2, status,0
 Tracked objects:
		On entry : 
		On exit  : 
		Unchanged: 
 Data sizes:     COMMON   BANK0   BANK1   BANK3   BANK2
      Params:         0       0       8       0       0
      Locals:         0       0       0       0       0
      Temps:          0       0       4       0       0
      Totals:         0       0      12       0       0
Total ram usage:       12 bytes
 Hardware stack levels used:    1
 Hardware stack levels required when called:    3
 This function calls:
		Nothing
 This function is called by:
		_PID_Init
 This function uses a non-reentrant model


 *************** function ___fldiv *****************
 Defined at:
		line 8 in file "D:\PROGRAM\MPLABX v5.20\XC8 v2.05\pic\sources\c90\common\sprcdiv.c"
 Parameters:    Size  Location     Type
  a               4   49[BANK1 ] unsigned int 
  b               4   53[BANK1 ] unsigned int 
 Auto vars:     Size  Location     Type
  grs             4   69[BANK1 ] unsigned long 
  rem             4   62[BANK1 ] unsigned long 
  new_exp         2   67[BANK1 ] int 
  aexp            1   74[BANK1 ] unsigned char 
  bexp            1   73[BANK1 ] unsigned char 
  sign            1   66[BANK1 ] unsigned char 
 Return value:  Size  Location     Type
                  4   49[BANK1 ] unsigned char 
 Registers used:
		wreg, status,2, status,0, btemp+1
 Tracked objects:
		On entry : 
		On exit  : 
		Unchanged: 
 Data sizes:     COMMON   BANK0   BANK1   BANK3   BANK2
      Params:         0       0       8       0       0
      Locals:         0       0      13       0       0
      Temps:          0       0       5       0       0
      Totals:         0       0      26       0       0
Total ram usage:       26 bytes
 Hardware stack levels used:    1
 Hardware stack levels required when called:    3
 This function calls:
		Nothing
 This function is called by:
		_PID_Init
 This function uses a non-reentrant model


 *************** function _Lcd_Write_String *****************
 Defined at:
		line 99 in file "lcd4.c"
 Parameters:    Size  Location     Type
  a               1    wreg     PTR unsigned char 
		 -> STR_3(16), STR_2(11), STR_1(10), 
 Auto vars:     Size  Location     Type
  a               1    7[BANK1 ] PTR unsigned char 
		 -> STR_3(16), STR_2(11), STR_1(10), 
  i               2    5[BANK1 ] int 
 Return value:  Size  Location     Type
                  1    wreg      void 
 Registers used:
		wreg, fsr0l, fsr0h, status,2, status,0, pclath, cstack
 Tracked objects:
		On entry : 
		On exit  : 
		Unchanged: 
 Data sizes:     COMMON   BANK0   BANK1   BANK3   BANK2
      Params:         0       0       0       0       0
      Locals:         0       0       3       0       0
      Temps:          0       0       0       0       0
      Totals:         0       0       3       0       0
Total ram usage:        3 bytes
 Hardware stack levels used:    1
 Hardware stack levels required when called:    5
 This function calls:
		_Lcd_Write_Char
 This function is called by:
		_main
		_Set_temp
 This function uses a non-reentrant model


 *************** function _Lcd_Clear *****************
 Defined at:
		line 36 in file "lcd4.c"
 Parameters:    Size  Location     Type
		None
 Auto vars:     Size  Location     Type
		None
 Return value:  Size  Location     Type
                  1    wreg      void 
 Registers used:
		wreg, status,2, status,0, pclath, cstack
 Tracked objects:
		On entry : 
		On exit  : 
		Unchanged: 
 Data sizes:     COMMON   BANK0   BANK1   BANK3   BANK2
      Params:         0       0       0       0       0
      Locals:         0       0       0       0       0
      Temps:          0       0       2       0       0
      Totals:         0       0       2       0       0
Total ram usage:        2 bytes
 Hardware stack levels used:    1
 Hardware stack levels required when called:    5
 This function calls:
		_Lcd_Cmd
 This function is called by:
		_Set_temp
 This function uses a non-reentrant model


 *************** function _Display *****************
 Defined at:
		line 88 in file "main.c"
 Parameters:    Size  Location     Type
  temp            1    wreg     unsigned char 
  set_temp        1   16[BANK1 ] unsigned char 
 Auto vars:     Size  Location     Type
  temp            1   19[BANK1 ] unsigned char 
 Return value:  Size  Location     Type
                  1    wreg      void 
 Registers used:
		wreg, status,2, status,0, pclath, cstack
 Tracked objects:
		On entry : 
		On exit  : 
		Unchanged: 
 Data sizes:     COMMON   BANK0   BANK1   BANK3   BANK2
      Params:         0       0       1       0       0
      Locals:         0       0       1       0       0
      Temps:          0       0       2       0       0
      Totals:         0       0       4       0       0
Total ram usage:        4 bytes
 Hardware stack levels used:    1
 Hardware stack levels required when called:    6
 This function calls:
		_Lcd_Set_Cursor
		_Lcd_Write_Char
		___awdiv
		___awmod
 This function is called by:
		_Set_temp
 This function uses a non-reentrant model


 *************** function ___awmod *****************
 Defined at:
		line 5 in file "D:\PROGRAM\MPLABX v5.20\XC8 v2.05\pic\sources\c90\common\awmod.c"
 Parameters:    Size  Location     Type
  divisor         2    0[BANK1 ] int 
  dividend        2    2[BANK1 ] int 
 Auto vars:     Size  Location     Type
  sign            1    6[BANK1 ] unsigned char 
  counter         1    5[BANK1 ] unsigned char 
 Return value:  Size  Location     Type
                  2    0[BANK1 ] int 
 Registers used:
		wreg, status,2, status,0
 Tracked objects:
		On entry : 
		On exit  : 
		Unchanged: 
 Data sizes:     COMMON   BANK0   BANK1   BANK3   BANK2
      Params:         0       0       4       0       0
      Locals:         0       0       2       0       0
      Temps:          0       0       1       0       0
      Totals:         0       0       7       0       0
Total ram usage:        7 bytes
 Hardware stack levels used:    1
 Hardware stack levels required when called:    3
 This function calls:
		Nothing
 This function is called by:
		_Display
 This function uses a non-reentrant model


 *************** function ___awdiv *****************
 Defined at:
		line 5 in file "D:\PROGRAM\MPLABX v5.20\XC8 v2.05\pic\sources\c90\common\awdiv.c"
 Parameters:    Size  Location     Type
  divisor         2    7[BANK1 ] int 
  dividend        2    9[BANK1 ] int 
 Auto vars:     Size  Location     Type
  quotient        2   14[BANK1 ] int 
  sign            1   13[BANK1 ] unsigned char 
  counter         1   12[BANK1 ] unsigned char 
 Return value:  Size  Location     Type
                  2    7[BANK1 ] int 
 Registers used:
		wreg, status,2, status,0
 Tracked objects:
		On entry : 
		On exit  : 
		Unchanged: 
 Data sizes:     COMMON   BANK0   BANK1   BANK3   BANK2
      Params:         0       0       4       0       0
      Locals:         0       0       4       0       0
      Temps:          0       0       1       0       0
      Totals:         0       0       9       0       0
Total ram usage:        9 bytes
 Hardware stack levels used:    1
 Hardware stack levels required when called:    3
 This function calls:
		Nothing
 This function is called by:
		_Display
 This function uses a non-reentrant model


 *************** function _Lcd_Write_Char *****************
 Defined at:
		line 83 in file "lcd4.c"
 Parameters:    Size  Location     Type
  a               1    wreg     unsigned char 
 Auto vars:     Size  Location     Type
  a               1    4[BANK1 ] unsigned char 
  y               1    3[BANK1 ] unsigned char 
  temp            1    2[BANK1 ] unsigned char 
 Return value:  Size  Location     Type
                  1    wreg      void 
 Registers used:
		wreg, status,2, status,0, pclath, cstack
 Tracked objects:
		On entry : 
		On exit  : 
		Unchanged: 
 Data sizes:     COMMON   BANK0   BANK1   BANK3   BANK2
      Params:         0       0       0       0       0
      Locals:         0       0       3       0       0
      Temps:          0       0       1       0       0
      Totals:         0       0       4       0       0
Total ram usage:        4 bytes
 Hardware stack levels used:    1
 Hardware stack levels required when called:    4
 This function calls:
		_Lcd_Port
 This function is called by:
		_Display
		_Lcd_Write_String
 This function uses a non-reentrant model


 *************** function _Lcd_Set_Cursor *****************
 Defined at:
		line 43 in file "lcd4.c"
 Parameters:    Size  Location     Type
  a               1    wreg     unsigned char 
  b               1    4[BANK1 ] unsigned char 
 Auto vars:     Size  Location     Type
  a               1    7[BANK1 ] unsigned char 
  temp            1   10[BANK1 ] unsigned char 
  y               1    9[BANK1 ] unsigned char 
  z               1    8[BANK1 ] unsigned char 
 Return value:  Size  Location     Type
                  1    wreg      void 
 Registers used:
		wreg, status,2, status,0, pclath, cstack
 Tracked objects:
		On entry : 
		On exit  : 
		Unchanged: 
 Data sizes:     COMMON   BANK0   BANK1   BANK3   BANK2
      Params:         0       0       1       0       0
      Locals:         0       0       4       0       0
      Temps:          0       0       2       0       0
      Totals:         0       0       7       0       0
Total ram usage:        7 bytes
 Hardware stack levels used:    1
 Hardware stack levels required when called:    5
 This function calls:
		_Lcd_Cmd
 This function is called by:
		_Display
		_Set_temp
 This function uses a non-reentrant model


 *************** function _Lcd_Set_Port *****************
 Defined at:
		line 117 in file "lcd4.c"
 Parameters:    Size  Location     Type
  a               1    wreg     unsigned char 
 Auto vars:     Size  Location     Type
  a               1    2[BANK1 ] unsigned char 
 Return value:  Size  Location     Type
                  1    wreg      void 
 Registers used:
		wreg, fsr0l, fsr0h, status,2, status,0
 Tracked objects:
		On entry : 
		On exit  : 
		Unchanged: 
 Data sizes:     COMMON   BANK0   BANK1   BANK3   BANK2
      Params:         0       0       0       0       0
      Locals:         0       0       1       0       0
      Temps:          0       0       2       0       0
      Totals:         0       0       3       0       0
Total ram usage:        3 bytes
 Hardware stack levels used:    1
 Hardware stack levels required when called:    3
 This function calls:
		Nothing
 This function is called by:
		_main
 This function uses a non-reentrant model


 *************** function _Lcd_Init *****************
 Defined at:
		line 64 in file "lcd4.c"
 Parameters:    Size  Location     Type
		None
 Auto vars:     Size  Location     Type
		None
 Return value:  Size  Location     Type
                  1    wreg      void 
 Registers used:
		wreg, status,2, status,0, pclath, cstack
 Tracked objects:
		On entry : 
		On exit  : 
		Unchanged: 
 Data sizes:     COMMON   BANK0   BANK1   BANK3   BANK2
      Params:         0       0       0       0       0
      Locals:         0       0       0       0       0
      Temps:          0       0       2       0       0
      Totals:         0       0       2       0       0
Total ram usage:        2 bytes
 Hardware stack levels used:    1
 Hardware stack levels required when called:    5
 This function calls:
		_Lcd_Cmd
		_Lcd_Port
 This function is called by:
		_main
 This function uses a non-reentrant model


 *************** function _Lcd_Cmd *****************
 Defined at:
		line 27 in file "lcd4.c"
 Parameters:    Size  Location     Type
  a               1    wreg     unsigned char 
 Auto vars:     Size  Location     Type
  a               1    3[BANK1 ] unsigned char 
 Return value:  Size  Location     Type
                  1    wreg      void 
 Registers used:
		wreg, status,2, status,0, pclath, cstack
 Tracked objects:
		On entry : 
		On exit  : 
		Unchanged: 
 Data sizes:     COMMON   BANK0   BANK1   BANK3   BANK2
      Params:         0       0       0       0       0
      Locals:         0       0       1       0       0
      Temps:          0       0       2       0       0
      Totals:         0       0       3       0       0
Total ram usage:        3 bytes
 Hardware stack levels used:    1
 Hardware stack levels required when called:    4
 This function calls:
		_Lcd_Port
 This function is called by:
		_Lcd_Clear
		_Lcd_Set_Cursor
		_Lcd_Init
		_Lcd_Shift_Right
		_Lcd_Shift_Left
 This function uses a non-reentrant model


 *************** function _Lcd_Port *****************
 Defined at:
		line 5 in file "lcd4.c"
 Parameters:    Size  Location     Type
  a               1    wreg     unsigned char 
 Auto vars:     Size  Location     Type
  a               1    0[BANK1 ] unsigned char 
 Return value:  Size  Location     Type
                  1    wreg      void 
 Registers used:
		wreg
 Tracked objects:
		On entry : 
		On exit  : 
		Unchanged: 
 Data sizes:     COMMON   BANK0   BANK1   BANK3   BANK2
      Params:         0       0       0       0       0
      Locals:         0       0       1       0       0
      Temps:          0       0       0       0       0
      Totals:         0       0       1       0       0
Total ram usage:        1 bytes
 Hardware stack levels used:    1
 Hardware stack levels required when called:    3
 This function calls:
		Nothing
 This function is called by:
		_Lcd_Cmd
		_Lcd_Init
		_Lcd_Write_Char
 This function uses a non-reentrant model


 *************** function _Interrupt_Init *****************
 Defined at:
		line 129 in file "main.c"
 Parameters:    Size  Location     Type
		None
 Auto vars:     Size  Location     Type
		None
 Return value:  Size  Location     Type
                  1    wreg      void 
 Registers used:
		None
 Tracked objects:
		On entry : 
		On exit  : 
		Unchanged: 
 Data sizes:     COMMON   BANK0   BANK1   BANK3   BANK2
      Params:         0       0       0       0       0
      Locals:         0       0       0       0       0
      Temps:          0       0       0       0       0
      Totals:         0       0       0       0       0
Total ram usage:        0 bytes
 Hardware stack levels used:    1
 Hardware stack levels required when called:    3
 This function calls:
		Nothing
 This function is called by:
		_main
 This function uses a non-reentrant model


 *************** function _ADC_Init *****************
 Defined at:
		line 99 in file "main.c"
 Parameters:    Size  Location     Type
		None
 Auto vars:     Size  Location     Type
		None
 Return value:  Size  Location     Type
                  1    wreg      void 
 Registers used:
		None
 Tracked objects:
		On entry : 
		On exit  : 
		Unchanged: 
 Data sizes:     COMMON   BANK0   BANK1   BANK3   BANK2
      Params:         0       0       0       0       0
      Locals:         0       0       0       0       0
      Temps:          0       0       0       0       0
      Totals:         0       0       0       0       0
Total ram usage:        0 bytes
 Hardware stack levels used:    1
 Hardware stack levels required when called:    3
 This function calls:
		Nothing
 This function is called by:
		_main
 This function uses a non-reentrant model


 *************** function _My_interrupt *****************
 Defined at:
		line 250 in file "main.c"
 Parameters:    Size  Location     Type
		None
 Auto vars:     Size  Location     Type
		None
 Return value:  Size  Location     Type
                  1    wreg      void 
 Registers used:
		wreg, status,2, status,0, btemp+1, pclath, cstack
 Tracked objects:
		On entry : 
		On exit  : 
		Unchanged: 
 Data sizes:     COMMON   BANK0   BANK1   BANK3   BANK2
      Params:         0       0       0       0       0
      Locals:         0       0       0       0       0
      Temps:          0       3       0       0       0
      Totals:         0       3       0       0       0
Total ram usage:        3 bytes
 Hardware stack levels used:    1
 Hardware stack levels required when called:    2
 This function calls:
		i1___fldiv
		i1___flsub
		i1___fltol
		i1___xxtofl
 This function is called by:
		Interrupt level 1
 This function uses a non-reentrant model


 *************** function i1___xxtofl *****************
 Defined at:
		line 10 in file "D:\PROGRAM\MPLABX v5.20\XC8 v2.05\pic\sources\c90\common\xxtofl.c"
 Parameters:    Size  Location     Type
  sign            1    wreg     unsigned char 
  val             4    0[COMMON] long 
 Auto vars:     Size  Location     Type
  sign            1    8[COMMON] unsigned char 
  __xxtofl        4   10[COMMON] unsigned long 
  __xxtofl        1    9[COMMON] unsigned char 
 Return value:  Size  Location     Type
                  4    0[COMMON] unsigned char 
 Registers used:
		wreg, status,2, status,0
 Tracked objects:
		On entry : 
		On exit  : 
		Unchanged: 
 Data sizes:     COMMON   BANK0   BANK1   BANK3   BANK2
      Params:         4       0       0       0       0
      Locals:         6       0       0       0       0
      Temps:          4       0       0       0       0
      Totals:        14       0       0       0       0
Total ram usage:       14 bytes
 Hardware stack levels used:    1
 This function calls:
		Nothing
 This function is called by:
		_My_interrupt
 This function uses a non-reentrant model


 *************** function i1___fltol *****************
 Defined at:
		line 43 in file "D:\PROGRAM\MPLABX v5.20\XC8 v2.05\pic\sources\c90\common\fltol.c"
 Parameters:    Size  Location     Type
  f1              4   34[BANK0 ] unsigned char 
 Auto vars:     Size  Location     Type
  __fltol         1   44[BANK0 ] unsigned char 
  __fltol         1   43[BANK0 ] unsigned char 
 Return value:  Size  Location     Type
                  4   34[BANK0 ] long 
 Registers used:
		wreg, status,2, status,0
 Tracked objects:
		On entry : 
		On exit  : 
		Unchanged: 
 Data sizes:     COMMON   BANK0   BANK1   BANK3   BANK2
      Params:         0       4       0       0       0
      Locals:         0       2       0       0       0
      Temps:          0       5       0       0       0
      Totals:         0      11       0       0       0
Total ram usage:       11 bytes
 Hardware stack levels used:    1
 This function calls:
		Nothing
 This function is called by:
		_My_interrupt
 This function uses a non-reentrant model


 *************** function i1___flsub *****************
 Defined at:
		line 242 in file "D:\PROGRAM\MPLABX v5.20\XC8 v2.05\pic\sources\c90\common\sprcadd.c"
 Parameters:    Size  Location     Type
  a               4   26[BANK0 ] long 
  b               4   30[BANK0 ] long 
 Auto vars:     Size  Location     Type
		None
 Return value:  Size  Location     Type
                  4   26[BANK0 ] long 
 Registers used:
		wreg, status,2, status,0, btemp+1, pclath, cstack
 Tracked objects:
		On entry : 
		On exit  : 
		Unchanged: 
 Data sizes:     COMMON   BANK0   BANK1   BANK3   BANK2
      Params:         0       8       0       0       0
      Locals:         0       0       0       0       0
      Temps:          0       0       0       0       0
      Totals:         0       8       0       0       0
Total ram usage:        8 bytes
 Hardware stack levels used:    1
 Hardware stack levels required when called:    1
 This function calls:
		i1___fladd
 This function is called by:
		_My_interrupt
 This function uses a non-reentrant model


 *************** function i1___fladd *****************
 Defined at:
		line 10 in file "D:\PROGRAM\MPLABX v5.20\XC8 v2.05\pic\sources\c90\common\sprcadd.c"
 Parameters:    Size  Location     Type
  b               4    0[COMMON] long 
  a               4    4[COMMON] long 
 Auto vars:     Size  Location     Type
  __fladd         1   11[COMMON] unsigned char 
  __fladd         1   10[COMMON] unsigned char 
  __fladd         1    9[COMMON] unsigned char 
  __fladd         1    8[COMMON] unsigned char 
 Return value:  Size  Location     Type
                  4    0[COMMON] unsigned char 
 Registers used:
		wreg, status,2, status,0, btemp+1
 Tracked objects:
		On entry : 
		On exit  : 
		Unchanged: 
 Data sizes:     COMMON   BANK0   BANK1   BANK3   BANK2
      Params:         8       0       0       0       0
      Locals:         4       0       0       0       0
      Temps:          0       8       0       0       0
      Totals:        12       8       0       0       0
Total ram usage:       20 bytes
 Hardware stack levels used:    1
 This function calls:
		Nothing
 This function is called by:
		i1___flsub
 This function uses a non-reentrant model


 *************** function i1___fldiv *****************
 Defined at:
		line 8 in file "D:\PROGRAM\MPLABX v5.20\XC8 v2.05\pic\sources\c90\common\sprcdiv.c"
 Parameters:    Size  Location     Type
  a               4    0[BANK0 ] unsigned char 
  b               4    4[BANK0 ] unsigned char 
 Auto vars:     Size  Location     Type
  __fldiv         4   20[BANK0 ] unsigned long 
  __fldiv         4   13[BANK0 ] unsigned long 
  __fldiv         2   18[BANK0 ] int 
  __fldiv         1   25[BANK0 ] unsigned char 
  __fldiv         1   24[BANK0 ] unsigned char 
  __fldiv         1   17[BANK0 ] unsigned char 
 Return value:  Size  Location     Type
                  4    0[BANK0 ] unsigned char 
 Registers used:
		wreg, status,2, status,0, btemp+1
 Tracked objects:
		On entry : 
		On exit  : 
		Unchanged: 
 Data sizes:     COMMON   BANK0   BANK1   BANK3   BANK2
      Params:         0       8       0       0       0
      Locals:         0      13       0       0       0
      Temps:          0       5       0       0       0
      Totals:         0      26       0       0       0
Total ram usage:       26 bytes
 Hardware stack levels used:    1
 This function calls:
		Nothing
 This function is called by:
		_My_interrupt
 This function uses a non-reentrant model



MODULE INFORMATION

Module		Function		Class		Link	Load	Size
D:\PROGRAM\MPLABX v5.20\XC8 v2.05\pic\sources\c90\common\awdiv.c
		___awdiv       		CODE           	07A1	0000	92

D:\PROGRAM\MPLABX v5.20\XC8 v2.05\pic\sources\c90\common\awdiv.c estimated size: 92

lcd4.c
		_Lcd_Write_String		CODE           	1E2D	0000	39
		_Lcd_Init      		CODE           	1F9F	0000	98
		_Lcd_Write_Char		CODE           	1EBF	0000	68
		_Lcd_Cmd       		CODE           	1DA4	0000	33
		_Lcd_Set_Port  		CODE           	0801	0000	36
		_Lcd_Set_Cursor		CODE           	1F4F	0000	81
		_Lcd_Clear     		CODE           	1D8D	0000	24
		_Lcd_Port      		CODE           	1E53	0000	47

lcd4.c estimated size: 426

D:\PROGRAM\MPLABX v5.20\XC8 v2.05\pic\sources\c90\common\sprcmul.c
		___flmul       		CODE           	048C	0000	790

D:\PROGRAM\MPLABX v5.20\XC8 v2.05\pic\sources\c90\common\sprcmul.c estimated size: 790

D:\PROGRAM\MPLABX v5.20\XC8 v2.05\pic\sources\c90\common\sprcdiv.c
		___fldiv       		CODE           	165D	0000	420

D:\PROGRAM\MPLABX v5.20\XC8 v2.05\pic\sources\c90\common\sprcdiv.c estimated size: 420

D:\PROGRAM\MPLABX v5.20\XC8 v2.05\pic\sources\c90\common\xxtofl.c
		___xxtofl      		CODE           	1328	0000	166

D:\PROGRAM\MPLABX v5.20\XC8 v2.05\pic\sources\c90\common\xxtofl.c estimated size: 166

D:\PROGRAM\MPLABX v5.20\XC8 v2.05\pic\sources\c90\common\flge.c
		___flge        		CODE           	11F0	0000	150

D:\PROGRAM\MPLABX v5.20\XC8 v2.05\pic\sources\c90\common\flge.c estimated size: 150

shared
		__stringtab    		STRING         	1800	0000	7
		i1___fladd     		CODE           	0824	0000	576
		i1___fldiv     		CODE           	14BA	0000	420
		i1___fltol     		CODE           	1083	0000	110
		__initialization		CODE           	0013	0000	9
		i1___xxtofl    		CODE           	1285	0000	164
		i1___flsub     		CODE           	1DC4	0000	35

shared estimated size: 1321

D:\PROGRAM\MPLABX v5.20\XC8 v2.05\pic\sources\c90\common\awmod.c
		___awmod       		CODE           	1F02	0000	78

D:\PROGRAM\MPLABX v5.20\XC8 v2.05\pic\sources\c90\common\awmod.c estimated size: 78

D:\PROGRAM\MPLABX v5.20\XC8 v2.05\pic\sources\c90\common\sprcadd.c
		___flsub       		CODE           	1DE6	0000	35
		___fladd       		CODE           	0D16	0000	747

D:\PROGRAM\MPLABX v5.20\XC8 v2.05\pic\sources\c90\common\sprcadd.c estimated size: 782

D:\PROGRAM\MPLABX v5.20\XC8 v2.05\pic\sources\c90\common\fltol.c
		___fltol       		CODE           	10F0	0000	110

D:\PROGRAM\MPLABX v5.20\XC8 v2.05\pic\sources\c90\common\fltol.c estimated size: 110

main.c
		_PID_Init      		CODE           	001F	0000	1134
		_main          		CODE           	13CD	0000	238
		_Read_ADC      		CODE           	1E81	0000	63
		_Timer1_Init   		CODE           	1D7D	0000	17
		_Interrupt_Init		CODE           	1D76	0000	8
		_Display       		CODE           	115D	0000	148
		_ADC_Init      		CODE           	1004	0000	25
		_Set_temp      		CODE           	0A63	0000	692
		_My_interrupt  		CODE           	101C	0000	104

main.c estimated size: 2429

D:\PROGRAM\MPLABX v5.20\XC8 v2.05\pic\sources\c90\common\Umul8_16.c
		__Umul8_16     		CODE           	1E08	0000	38

D:\PROGRAM\MPLABX v5.20\XC8 v2.05\pic\sources\c90\common\Umul8_16.c estimated size: 38

