Microchip MPLAB XC8 Compiler V2.05 ()

Linker command line:

-W-3 --edf=D:\PROGRAM\MPLABX v5.20\XC8 v2.05\pic\dat\en_msgs.txt -cs \
  -h+dist/default/production\code_slave.X.production.sym \
  --cmf=dist/default/production\code_slave.X.production.cmf -z -Q16F877A \
  -oC:\Users\Admin\AppData\Local\Temp\s6es.2 --defsym=__MPLAB_BUILD=1 \
  -Mdist/default/production/code_slave.X.production.map -E1 -ver=XC8 \
  --acfsm=1493 -ASTACK=0110h-016Fh -pstack=STACK -ACODE=00h-07FFhx4 \
  -ASTRCODE=00h-01FFFh -ASTRING=00h-0FFhx32 -ACONST=00h-0FFhx32 \
  -AENTRY=00h-0FFhx32 -ACOMMON=070h-07Fh -ABANK0=020h-06Fh \
  -ABANK1=0A0h-0EFh -ABANK2=0110h-016Fh -ABANK3=0190h-01EFh \
  -ARAM=020h-06Fh,0A0h-0EFh,0110h-016Fh,0190h-01EFh \
  -AABS1=020h-07Fh,0A0h-0EFh,0110h-016Fh,0190h-01EFh -ASFR0=00h-01Fh \
  -ASFR1=080h-09Fh -ASFR2=0100h-010Fh -ASFR3=0180h-018Fh \
  -preset_vec=00h,intentry=04h,init,end_init -ppowerup=CODE -pcinit=CODE \
  -pfunctab=ENTRY -ACONFIG=02007h-02007h -pconfig=CONFIG -DCONFIG=2 \
  -AIDLOC=02000h-02003h -pidloc=IDLOC -DIDLOC=2 -AEEDATA=00h-0FFh/02100h \
  -peeprom_data=EEDATA -DEEDATA=2 -DCODE=2 -DSTRCODE=2 -DSTRING=2 -DCONST=2 \
  -DENTRY=2 -k C:\Users\Admin\AppData\Local\Temp\s6es.o \
  dist/default/production\code_slave.X.production.o 

Object code version is 3.11

Machine type is 16F877A



                Name                               Link     Load   Length Selector   Space Scale
C:\Users\Admin\AppData\Local\Temp\s6es.o
                end_init                              C        C        3        8       0
                reset_vec                             0        0        3        0       0
                config                             2007     2007        1     400E       0
dist/default/production\code_slave.X.production.o
                cinit                                 F        F       12        8       0
                intentry                              4        4        8        8       0
                text5                                E1       E1       56        8       0
                text4                               1D4      1D4       19        8       0
                text3                                86       86       5B        8       0
                text2                               189      189       4B        8       0
                text1                               137      137       52        8       0
                maintext                             21       21       65        8       0
                cstackBANK0                          20       20        B       20       1
                cstackCOMMON                         70       70        A       70       1
                inittext                            1ED      1ED       11        8       0
                dataBANK0                            2B       2B        A       20       1
                bssBANK0                             35       35        1       20       1
                bssCOMMON                            7A       7A        1       70       1
                idataBANK0                          1FE      1FE        A        8       0

TOTAL           Name                               Link     Load   Length     Space
        CLASS   STACK          

        CLASS   CODE           
                end_init                              C        C        3         0
                cinit                                 F        F       12         0
                intentry                              4        4        8         0
                reset_vec                             0        0        3         0
                text5                                E1       E1       56         0
                text4                               1D4      1D4       19         0
                text3                                86       86       5B         0
                text2                               189      189       4B         0
                text1                               137      137       52         0
                maintext                             21       21       65         0
                inittext                            1ED      1ED       11         0
                idataBANK0                          1FE      1FE        A         0

        CLASS   STRCODE        

        CLASS   STRING         

        CLASS   CONST          

        CLASS   ENTRY          

        CLASS   COMMON         
                cstackCOMMON                         70       70        A         1
                bssCOMMON                            7A       7A        1         1

        CLASS   BANK0          
                cstackBANK0                          20       20        B         1
                dataBANK0                            2B       2B        A         1
                bssBANK0                             35       35        1         1

        CLASS   BANK1          

        CLASS   BANK2          

        CLASS   BANK3          

        CLASS   RAM            

        CLASS   ABS1           
                abs_s1                               7E       7E        2         1

        CLASS   SFR0           

        CLASS   SFR1           

        CLASS   SFR2           

        CLASS   SFR3           

        CLASS   CONFIG         
                config                             2007     2007        1         0

        CLASS   IDLOC          

        CLASS   EEDATA         



SEGMENTS        Name                           Load    Length   Top    Selector   Space  Class     Delta

                reset_vec                      000000  000003  000003         0       0  CODE        2
                intentry                       000004  000204  000208         8       0  CODE        2
                cstackBANK0                    000020  000016  000036        20       1  BANK0       1
                cstackCOMMON                   000070  00000B  00007B        70       1  COMMON      1
                config                         002007  000001  002008      400E       0  CONFIG      2


UNUSED ADDRESS RANGES

        Name                Unused          Largest block    Delta
        BANK0            0036-006F             3A           1
        BANK1            00A0-00EF             50           1
        BANK2            0110-016F             60           1
        BANK3            0190-01EF             60           1
        CODE             0003-0003              1           2
                         0208-1FFF            800
        COMMON           007B-007D              3           1
        CONST            0003-0003              1           2
                         0208-1FFF            100
        EEDATA           2100-21FF            100           2
        ENTRY            0003-0003              1           2
                         0208-1FFF            100
        IDLOC            2000-2003              4           2
        RAM              0036-006F             3A           1
                         00A0-00EF             50
                         0110-016F             60
                         0190-01EF             60
        SFR0             0000-001F             20           1
        SFR1             0080-009F             20           1
        SFR2             0100-010F             10           1
        SFR3             0180-018F             10           1
        STACK            0110-016F             60           1
        STRCODE          0003-0003              1           2
                         0208-1FFF           1DF8
        STRING           0003-0003              1           2
                         0208-1FFF            100

                                  Symbol Table

?___awdiv                cstackCOMMON 0073
?___awmod                cstackCOMMON 0073
I2C_Slave_Init@address   cstackCOMMON 0073
Led7_display@number      cstackBANK0  0026
_ACKDT                   (abs)        048D
_ACKEN                   (abs)        048C
_BF                      (abs)        04A0
_CKP                     (abs)        00A4
_D_nA                    (abs)        04A5
_GIE                     (abs)        005F
_I2C_Slave_Init          text4        01D4
_Led7_display            text1        0137
_PEIE                    (abs)        005E
_PEN                     (abs)        048A
_PORTB                   (abs)        0006
_PORTD                   (abs)        0008
_RB0                     (abs)        0030
_RB1                     (abs)        0031
_RCEN                    (abs)        048B
_RSEN                    (abs)        0489
_R_nW                    (abs)        04A2
_SEN                     (abs)        0488
_SSPADD                  (abs)        0093
_SSPBUF                  (abs)        0013
_SSPCON                  (abs)        0014
_SSPCON2                 (abs)        0091
_SSPIE                   (abs)        0463
_SSPIF                   (abs)        0063
_SSPOV                   (abs)        00A6
_SSPSTAT                 (abs)        0094
_TRISB0                  (abs)        0430
_TRISB1                  (abs)        0431
_TRISC3                  (abs)        043B
_TRISC4                  (abs)        043C
_TRISD                   (abs)        0088
_WCOL                    (abs)        00A7
__CFG_BOREN$OFF          (abs)        0000
__CFG_CP$OFF             (abs)        0000
__CFG_CPD$OFF            (abs)        0000
__CFG_FOSC$HS            (abs)        0000
__CFG_LVP$OFF            (abs)        0000
__CFG_PWRTE$OFF          (abs)        0000
__CFG_WDTE$OFF           (abs)        0000
__CFG_WRT$OFF            (abs)        0000
__Habs1                  abs1         0000
__Hbank0                 bank0        0000
__Hbank1                 bank1        0000
__Hbank2                 bank2        0000
__Hbank3                 bank3        0000
__HbssBANK0              bssBANK0     0000
__HbssCOMMON             bssCOMMON    0000
__Hcinit                 cinit        0021
__Hclrtext               clrtext      0000
__Hcode                  code         0000
__Hcommon                common       0000
__Hconfig                config       2008
__HcstackBANK0           cstackBANK0  0000
__HcstackCOMMON          cstackCOMMON 0000
__HdataBANK0             dataBANK0    0000
__Heeprom_data           eeprom_data  0000
__Hend_init              end_init     000F
__Hfunctab               functab      0000
__HidataBANK0            idataBANK0   0000
__Hidloc                 idloc        0000
__Hinit                  init         000C
__Hinittext              inittext     0000
__Hintentry              intentry     000C
__Hmaintext              maintext     0000
__Hpowerup               powerup      0000
__Hram                   ram          0000
__Hreset_vec             reset_vec    0003
__Hsfr0                  sfr0         0000
__Hsfr1                  sfr1         0000
__Hsfr2                  sfr2         0000
__Hsfr3                  sfr3         0000
__Hspace_0               (abs)        2008
__Hspace_1               (abs)        007B
__Hspace_2               (abs)        0000
__Hspace_3               (abs)        0000
__Hstack                 stack        0000
__Hstrings               strings      0000
__Htext                  text         0000
__Labs1                  abs1         0000
__Lbank0                 bank0        0000
__Lbank1                 bank1        0000
__Lbank2                 bank2        0000
__Lbank3                 bank3        0000
__LbssBANK0              bssBANK0     0000
__LbssCOMMON             bssCOMMON    0000
__Lcinit                 cinit        000F
__Lclrtext               clrtext      0000
__Lcode                  code         0000
__Lcommon                common       0000
__Lconfig                config       2007
__LcstackBANK0           cstackBANK0  0000
__LcstackCOMMON          cstackCOMMON 0000
__LdataBANK0             dataBANK0    0000
__Leeprom_data           eeprom_data  0000
__Lend_init              end_init     000C
__Lfunctab               functab      0000
__LidataBANK0            idataBANK0   0000
__Lidloc                 idloc        0000
__Linit                  init         000C
__Linittext              inittext     0000
__Lintentry              intentry     0004
__Lmaintext              maintext     0000
__Lpowerup               powerup      0000
__Lram                   ram          0000
__Lreset_vec             reset_vec    0000
__Lsfr0                  sfr0         0000
__Lsfr1                  sfr1         0000
__Lsfr2                  sfr2         0000
__Lsfr3                  sfr3         0000
__Lspace_0               (abs)        0000
__Lspace_1               (abs)        0000
__Lspace_2               (abs)        0000
__Lspace_3               (abs)        0000
__Lstack                 stack        0000
__Lstrings               strings      0000
__Ltext                  text         0000
__S0                     (abs)        2008
__S1                     (abs)        007B
__S2                     (abs)        0000
__S3                     (abs)        0000
___awdiv                 text3        0086
___awdiv@counter         cstackBANK0  0020
___awdiv@dividend        cstackCOMMON 0075
___awdiv@divisor         cstackCOMMON 0073
___awdiv@quotient        cstackBANK0  0022
___awdiv@sign            cstackBANK0  0021
___awmod                 text2        0189
___awmod@counter         cstackCOMMON 0078
___awmod@dividend        cstackCOMMON 0075
___awmod@divisor         cstackCOMMON 0073
___awmod@sign            cstackCOMMON 0079
___int_sp                stack        0000
___latbits               (abs)        0002
___sp                    stack        0000
___stackhi               (abs)        0000
___stacklo               (abs)        0000
__end_of_I2C_Slave_Init  text4        01ED
__end_of_Led7_display    text1        0189
__end_of___awdiv         text3        00E1
__end_of___awmod         text2        01D4
__end_of__initialization cinit        001D
__end_of_i2c_slave_read  text5        0137
__end_of_main            maintext     0086
__initialization         cinit        000F
__pbssBANK0              bssBANK0     0035
__pbssCOMMON             bssCOMMON    007A
__pcstackBANK0           cstackBANK0  0020
__pcstackCOMMON          cstackCOMMON 0070
__pdataBANK0             dataBANK0    002B
__pidataBANK0            idataBANK0   01FE
__pintentry              intentry     0004
__pmaintext              maintext     0021
__ptext1                 text1        0137
__ptext2                 text2        0189
__ptext3                 text3        0086
__ptext4                 text4        01D4
__ptext5                 text5        00E1
__size_of_I2C_Slave_Init (abs)        0000
__size_of_Led7_display   (abs)        0000
__size_of___awdiv        (abs)        0000
__size_of___awmod        (abs)        0000
__size_of_i2c_slave_read (abs)        0000
__size_of_main           (abs)        0000
_code7seg                dataBANK0    002B
_data                    bssCOMMON    007A
_i2c_slave_read          text5        00E1
_key                     bssBANK0     0035
_main                    maintext     0021
btemp                    (abs)        007E
end_of_initialization    cinit        001D
init_fetch0              inittext     01ED
init_ram0                inittext     01F1
interrupt_function       intentry     0004
intlevel0                functab      0000
intlevel1                functab      0000
intlevel2                functab      0000
intlevel3                functab      0000
intlevel4                functab      0000
intlevel5                functab      0000
main@i                   cstackBANK0  0029
main@number              cstackBANK0  002A
reset_vec                reset_vec    0000
saved_w                  (abs)        007E
start                    init         000C
start_initialization     cinit        000F
wtemp0                   (abs)        007E


FUNCTION INFORMATION:

 *************** function _main *****************
 Defined at:
		line 16 in file "main_slaves.c"
 Parameters:    Size  Location     Type
		None
 Auto vars:     Size  Location     Type
  number          1   10[BANK0 ] unsigned char 
  i               1    9[BANK0 ] unsigned char 
 Return value:  Size  Location     Type
                  1    wreg      void 
 Registers used:
		wreg, fsr0l, fsr0h, status,2, status,0, pclath, cstack
 Tracked objects:
		On entry : 
		On exit  : 
		Unchanged: 
 Data sizes:     COMMON   BANK0   BANK1   BANK3   BANK2
      Params:         0       0       0       0       0
      Locals:         0       2       0       0       0
      Temps:          0       2       0       0       0
      Totals:         0       4       0       0       0
Total ram usage:        4 bytes
 Hardware stack levels required when called:    3
 This function calls:
		_I2C_Slave_Init
		_Led7_display
 This function is called by:
		Startup code after reset
 This function uses a non-reentrant model


 *************** function _Led7_display *****************
 Defined at:
		line 63 in file "main_slaves.c"
 Parameters:    Size  Location     Type
  number          1    wreg     unsigned char 
 Auto vars:     Size  Location     Type
  number          1    6[BANK0 ] unsigned char 
 Return value:  Size  Location     Type
                  1    wreg      void 
 Registers used:
		wreg, fsr0l, fsr0h, status,2, status,0, pclath, cstack
 Tracked objects:
		On entry : 
		On exit  : 
		Unchanged: 
 Data sizes:     COMMON   BANK0   BANK1   BANK3   BANK2
      Params:         0       0       0       0       0
      Locals:         0       1       0       0       0
      Temps:          0       2       0       0       0
      Totals:         0       3       0       0       0
Total ram usage:        3 bytes
 Hardware stack levels used:    1
 Hardware stack levels required when called:    2
 This function calls:
		___awdiv
		___awmod
 This function is called by:
		_main
 This function uses a non-reentrant model


 *************** function ___awmod *****************
 Defined at:
		line 5 in file "D:\PROGRAM\MPLABX v5.20\XC8 v2.05\pic\sources\c90\common\awmod.c"
 Parameters:    Size  Location     Type
  divisor         2    3[COMMON] int 
  dividend        2    5[COMMON] int 
 Auto vars:     Size  Location     Type
  sign            1    9[COMMON] unsigned char 
  counter         1    8[COMMON] unsigned char 
 Return value:  Size  Location     Type
                  2    3[COMMON] int 
 Registers used:
		wreg, status,2, status,0
 Tracked objects:
		On entry : 
		On exit  : 
		Unchanged: 
 Data sizes:     COMMON   BANK0   BANK1   BANK3   BANK2
      Params:         4       0       0       0       0
      Locals:         2       0       0       0       0
      Temps:          1       0       0       0       0
      Totals:         7       0       0       0       0
Total ram usage:        7 bytes
 Hardware stack levels used:    1
 Hardware stack levels required when called:    1
 This function calls:
		Nothing
 This function is called by:
		_Led7_display
 This function uses a non-reentrant model


 *************** function ___awdiv *****************
 Defined at:
		line 5 in file "D:\PROGRAM\MPLABX v5.20\XC8 v2.05\pic\sources\c90\common\awdiv.c"
 Parameters:    Size  Location     Type
  divisor         2    3[COMMON] int 
  dividend        2    5[COMMON] int 
 Auto vars:     Size  Location     Type
  quotient        2    2[BANK0 ] int 
  sign            1    1[BANK0 ] unsigned char 
  counter         1    0[BANK0 ] unsigned char 
 Return value:  Size  Location     Type
                  2    3[COMMON] int 
 Registers used:
		wreg, status,2, status,0
 Tracked objects:
		On entry : 
		On exit  : 
		Unchanged: 
 Data sizes:     COMMON   BANK0   BANK1   BANK3   BANK2
      Params:         4       0       0       0       0
      Locals:         0       4       0       0       0
      Temps:          1       0       0       0       0
      Totals:         5       4       0       0       0
Total ram usage:        9 bytes
 Hardware stack levels used:    1
 Hardware stack levels required when called:    1
 This function calls:
		Nothing
 This function is called by:
		_Led7_display
 This function uses a non-reentrant model


 *************** function _I2C_Slave_Init *****************
 Defined at:
		line 50 in file "../code_master.X/I2C_lib.c"
 Parameters:    Size  Location     Type
  address         2    3[COMMON] short 
 Auto vars:     Size  Location     Type
		None
 Return value:  Size  Location     Type
                  1    wreg      void 
 Registers used:
		wreg
 Tracked objects:
		On entry : 
		On exit  : 
		Unchanged: 
 Data sizes:     COMMON   BANK0   BANK1   BANK3   BANK2
      Params:         2       0       0       0       0
      Locals:         0       0       0       0       0
      Temps:          0       0       0       0       0
      Totals:         2       0       0       0       0
Total ram usage:        2 bytes
 Hardware stack levels used:    1
 Hardware stack levels required when called:    1
 This function calls:
		Nothing
 This function is called by:
		_main
 This function uses a non-reentrant model


 *************** function _i2c_slave_read *****************
 Defined at:
		line 75 in file "main_slaves.c"
 Parameters:    Size  Location     Type
		None
 Auto vars:     Size  Location     Type
		None
 Return value:  Size  Location     Type
                  1    wreg      void 
 Registers used:
		wreg, status,2, status,0
 Tracked objects:
		On entry : 
		On exit  : 
		Unchanged: 
 Data sizes:     COMMON   BANK0   BANK1   BANK3   BANK2
      Params:         0       0       0       0       0
      Locals:         0       0       0       0       0
      Temps:          3       0       0       0       0
      Totals:         3       0       0       0       0
Total ram usage:        3 bytes
 Hardware stack levels used:    1
 This function calls:
		Nothing
 This function is called by:
		Interrupt level 1
 This function uses a non-reentrant model



MODULE INFORMATION

Module		Function		Class		Link	Load	Size
D:\PROGRAM\MPLABX v5.20\XC8 v2.05\pic\sources\c90\common\awdiv.c
		___awdiv       		CODE           	0086	0000	92

D:\PROGRAM\MPLABX v5.20\XC8 v2.05\pic\sources\c90\common\awdiv.c estimated size: 92

shared
		__initialization		CODE           	000F	0000	15

shared estimated size: 15

D:\PROGRAM\MPLABX v5.20\XC8 v2.05\pic\sources\c90\common\awmod.c
		___awmod       		CODE           	0189	0000	76

D:\PROGRAM\MPLABX v5.20\XC8 v2.05\pic\sources\c90\common\awmod.c estimated size: 76

../code_master.X/I2C_lib.c
		_I2C_Slave_Init		CODE           	01D4	0000	26

../code_master.X/I2C_lib.c estimated size: 26

main_slaves.c
		_Led7_display  		CODE           	0137	0000	83
		_main          		CODE           	0021	0000	102
		_i2c_slave_read		CODE           	00E1	0000	87

main_slaves.c estimated size: 272

