Microchip MPLAB XC8 Compiler V2.05 ()

Linker command line:

-W-3 --edf=D:\Mplab X\xc8\pic\dat\en_msgs.txt -cs \
  -h+dist/default/production\code.X.production.sym \
  --cmf=dist/default/production\code.X.production.cmf -z -Q16F877A \
  -oC:\Users\ADMIN\AppData\Local\Temp\s52k.2 --defsym=__MPLAB_BUILD=1 \
  -Mdist/default/production/code.X.production.map -E1 -ver=XC8 --acfsm=1493 \
  -ASTACK=0110h-016Fh -pstack=STACK -ACODE=00h-07FFhx4 -ASTRCODE=00h-01FFFh \
  -ASTRING=00h-0FFhx32 -ACONST=00h-0FFhx32 -AENTRY=00h-0FFhx32 \
  -ACOMMON=070h-07Fh -ABANK0=020h-06Fh -ABANK1=0A0h-0EFh \
  -ABANK2=0110h-016Fh -ABANK3=0190h-01EFh \
  -ARAM=020h-06Fh,0A0h-0EFh,0110h-016Fh,0190h-01EFh \
  -AABS1=020h-07Fh,0A0h-0EFh,0110h-016Fh,0190h-01EFh -ASFR0=00h-01Fh \
  -ASFR1=080h-09Fh -ASFR2=0100h-010Fh -ASFR3=0180h-018Fh \
  -preset_vec=00h,intentry,init,end_init -ppowerup=CODE -pcinit=CODE \
  -pfunctab=ENTRY -ACONFIG=02007h-02007h -pconfig=CONFIG -DCONFIG=2 \
  -AIDLOC=02000h-02003h -pidloc=IDLOC -DIDLOC=2 -AEEDATA=00h-0FFh/02100h \
  -peeprom_data=EEDATA -DEEDATA=2 -DCODE=2 -DSTRCODE=2 -DSTRING=2 -DCONST=2 \
  -DENTRY=2 -k C:\Users\ADMIN\AppData\Local\Temp\s52k.o \
  dist/default/production\code.X.production.o 

Object code version is 3.11

Machine type is 16F877A



                Name                               Link     Load   Length Selector   Space Scale
C:\Users\ADMIN\AppData\Local\Temp\s52k.o
                end_init                              0        0        3        0       0
                config                             2007     2007        1     400E       0
dist/default/production\code.X.production.o
                cinit                               7E4      7E4       1C      FC8       0
                text5                               66A      66A       B4      CD4       0
                text4                               71E      71E       C6      E3C       0
                text3                               5E9      5E9       39      BD2       0
                text2                               5C7      5C7       22      B8E       0
                text1                               622      622       48      C44       0
                maintext                            5B8      5B8        F      B70       0
                cstackCOMMON                         70       70        D       70       1
                dataBANK0                            20       20        4       20       1
                bssBANK0                             24       24        2       20       1
                strings                               3        3       62        6       0
                idataBANK0                          5B4      5B4        4      B68       0

TOTAL           Name                               Link     Load   Length     Space
        CLASS   STACK          

        CLASS   CODE           
                end_init                              0        0        3         0
                cinit                               7E4      7E4       1C         0
                text5                               66A      66A       B4         0
                text4                               71E      71E       C6         0
                text3                               5E9      5E9       39         0
                text2                               5C7      5C7       22         0
                text1                               622      622       48         0
                maintext                            5B8      5B8        F         0
                idataBANK0                          5B4      5B4        4         0

        CLASS   STRCODE        

        CLASS   STRING         
                strings                               3        3       62         0

        CLASS   CONST          

        CLASS   ENTRY          

        CLASS   COMMON         
                cstackCOMMON                         70       70        D         1

        CLASS   BANK0          
                dataBANK0                            20       20        4         1
                bssBANK0                             24       24        2         1

        CLASS   BANK1          

        CLASS   BANK2          

        CLASS   BANK3          

        CLASS   RAM            

        CLASS   ABS1           
                abs_s1                               7E       7E        2         1

        CLASS   SFR0           

        CLASS   SFR1           

        CLASS   SFR2           

        CLASS   SFR3           

        CLASS   CONFIG         
                config                             2007     2007        1         0

        CLASS   IDLOC          

        CLASS   EEDATA         



SEGMENTS        Name                           Load    Length   Top    Selector   Space  Class     Delta

                reset_vec                      000000  000003  000003         0       0  CODE        2
                strings                        000003  000062  000065         6       0  STRING      2
                dataBANK0                      000020  000006  000026        20       1  BANK0       1
                cstackCOMMON                   000070  00000D  00007D        70       1  COMMON      1
                idataBANK0                     0005B4  000004  0005B8       B68       0  CODE        2
                maintext                       0005B8  00000F  0005C7       B70       0  CODE        2
                text2                          0005C7  000022  0005E9       B8E       0  CODE        2
                text3                          0005E9  000039  000622       BD2       0  CODE        2
                text1                          000622  000048  00066A       C44       0  CODE        2
                text5                          00066A  0000B4  00071E       CD4       0  CODE        2
                text4                          00071E  0000C6  0007E4       E3C       0  CODE        2
                cinit                          0007E4  00001C  000800       FC8       0  CODE        2
                config                         002007  000001  002008      400E       0  CONFIG      2


UNUSED ADDRESS RANGES

        Name                Unused          Largest block    Delta
        BANK0            0026-006F             4A           1
        BANK1            00A0-00EF             50           1
        BANK2            0110-016F             60           1
        BANK3            0190-01EF             60           1
        CODE             0065-05B3            54F           2
                         0800-1FFF            800
        COMMON           007D-007D              1           1
        CONST            0065-05B3            100           2
                         0800-1FFF            100
        EEDATA           2100-21FF            100           2
        ENTRY            0065-05B3            100           2
                         0800-1FFF            100
        IDLOC            2000-2003              4           2
        RAM              0026-006F             4A           1
                         00A0-00EF             50
                         0110-016F             60
                         0190-01EF             60
        SFR0             0000-001F             20           1
        SFR1             0080-009F             20           1
        SFR2             0100-010F             10           1
        SFR3             0180-018F             10           1
        STACK            0110-016F             60           1
        STRCODE          0065-05B3            54F           2
                         0800-1FFF           1800
        STRING           0065-05B3            100           2
                         0800-1FFF            100

                                  Symbol Table

?_strlen                 cstackCOMMON 0070
LCD_8_Cmd@cmd            cstackCOMMON 0070
LCD_8_Cmd@select         cstackCOMMON 0073
LCD_Cmd@cmd              cstackCOMMON 0070
LCD_Cmd@cmd1             cstackCOMMON 0074
LCD_Cmd@select           cstackCOMMON 0073
LCD_Out_Str@i            cstackCOMMON 007B
LCD_Out_Str@str          cstackCOMMON 0075
_LCD_8_Cmd               text5        066A
_LCD_Cmd                 text4        071E
_LCD_Init                text3        05E9
_LCD_Out_Str             text1        0622
_RB1                     (abs)        0031
_RB2                     (abs)        0032
_RB3                     (abs)        0033
_RD0                     (abs)        0040
_RD1                     (abs)        0041
_RD2                     (abs)        0042
_RD3                     (abs)        0043
_RD4                     (abs)        0044
_RD5                     (abs)        0045
_RD6                     (abs)        0046
_RD7                     (abs)        0047
_TRISB1                  (abs)        0431
_TRISB2                  (abs)        0432
_TRISB3                  (abs)        0433
_TRISD0                  (abs)        0440
_TRISD1                  (abs)        0441
_TRISD2                  (abs)        0442
_TRISD3                  (abs)        0443
_TRISD4                  (abs)        0444
_TRISD5                  (abs)        0445
_TRISD6                  (abs)        0446
_TRISD7                  (abs)        0447
__CFG_BOREN$OFF          (abs)        0000
__CFG_CP$OFF             (abs)        0000
__CFG_CPD$OFF            (abs)        0000
__CFG_FOSC$HS            (abs)        0000
__CFG_LVP$OFF            (abs)        0000
__CFG_PWRTE$OFF          (abs)        0000
__CFG_WDTE$OFF           (abs)        0000
__CFG_WRT$OFF            (abs)        0000
__Habs1                  abs1         0000
__Hbank0                 bank0        0000
__Hbank1                 bank1        0000
__Hbank2                 bank2        0000
__Hbank3                 bank3        0000
__HbssBANK0              bssBANK0     0000
__Hcinit                 cinit        0800
__Hclrtext               clrtext      0000
__Hcode                  code         0000
__Hcommon                common       0000
__Hconfig                config       2008
__HcstackCOMMON          cstackCOMMON 0000
__HdataBANK0             dataBANK0    0000
__Heeprom_data           eeprom_data  0000
__Hend_init              end_init     0003
__Hfunctab               functab      0000
__HidataBANK0            idataBANK0   0000
__Hidloc                 idloc        0000
__Hinit                  init         0000
__Hintentry              intentry     0000
__Hmaintext              maintext     0000
__Hpowerup               powerup      0000
__Hram                   ram          0000
__Hreset_vec             reset_vec    0000
__Hsfr0                  sfr0         0000
__Hsfr1                  sfr1         0000
__Hsfr2                  sfr2         0000
__Hsfr3                  sfr3         0000
__Hspace_0               (abs)        2008
__Hspace_1               (abs)        007D
__Hspace_2               (abs)        0000
__Hspace_3               (abs)        0000
__Hstack                 stack        0000
__Hstrings               strings      0000
__Htext                  text         0000
__Labs1                  abs1         0000
__Lbank0                 bank0        0000
__Lbank1                 bank1        0000
__Lbank2                 bank2        0000
__Lbank3                 bank3        0000
__LbssBANK0              bssBANK0     0000
__Lcinit                 cinit        07E4
__Lclrtext               clrtext      0000
__Lcode                  code         0000
__Lcommon                common       0000
__Lconfig                config       2007
__LcstackCOMMON          cstackCOMMON 0000
__LdataBANK0             dataBANK0    0000
__Leeprom_data           eeprom_data  0000
__Lend_init              end_init     0000
__Lfunctab               functab      0000
__LidataBANK0            idataBANK0   0000
__Lidloc                 idloc        0000
__Linit                  init         0000
__Lintentry              intentry     0000
__Lmaintext              maintext     0000
__Lpowerup               powerup      0000
__Lram                   ram          0000
__Lreset_vec             reset_vec    0000
__Lsfr0                  sfr0         0000
__Lsfr1                  sfr1         0000
__Lsfr2                  sfr2         0000
__Lsfr3                  sfr3         0000
__Lspace_0               (abs)        0000
__Lspace_1               (abs)        0000
__Lspace_2               (abs)        0000
__Lspace_3               (abs)        0000
__Lstack                 stack        0000
__Lstrings               strings      0000
__Ltext                  text         0000
__S0                     (abs)        2008
__S1                     (abs)        007D
__S2                     (abs)        0000
__S3                     (abs)        0000
___int_sp                stack        0000
___latbits               (abs)        0002
___sp                    stack        0000
___stackhi               (abs)        0000
___stacklo               (abs)        0000
__end_of_LCD_8_Cmd       text5        071E
__end_of_LCD_Cmd         text4        07E4
__end_of_LCD_Init        text3        0622
__end_of_LCD_Out_Str     text1        066A
__end_of__initialization cinit        07FC
__end_of__stringtab      strings      0013
__end_of_main            maintext     05C7
__end_of_strlen          text2        05E9
__end_ofexp@coeff        strings      003B
__end_oflog@coeff        strings      005F
__initialization         cinit        07E4
__pbssBANK0              bssBANK0     0024
__pcstackCOMMON          cstackCOMMON 0070
__pdataBANK0             dataBANK0    0020
__pidataBANK0            idataBANK0   05B4
__pmaintext              maintext     05B8
__pstrings               strings      0003
__ptext1                 text1        0622
__ptext2                 text2        05C7
__ptext3                 text3        05E9
__ptext4                 text4        071E
__ptext5                 text5        066A
__size_of_LCD_8_Cmd      (abs)        0000
__size_of_LCD_Cmd        (abs)        0000
__size_of_LCD_Init       (abs)        0000
__size_of_LCD_Out_Str    (abs)        0000
__size_of_main           (abs)        0000
__size_of_strlen         (abs)        0000
__stringbase             strings      0012
__stringtab              strings      0003
_errno                   bssBANK0     0024
_main                    maintext     05B8
_max                     dataBANK0    0020
_strlen                  text2        05C7
btemp                    (abs)        007E
end_of_initialization    cinit        07FC
exp@coeff                strings      0013
intlevel0                functab      0000
intlevel1                functab      0000
intlevel2                functab      0000
intlevel3                functab      0000
intlevel4                functab      0000
intlevel5                functab      0000
log@coeff                strings      003B
reset_vec                reset_vec    0000
start                    init         0000
start_initialization     cinit        07E4
strlen@cp                cstackCOMMON 0072
strlen@s                 cstackCOMMON 0070
wtemp0                   (abs)        007E


FUNCTION INFORMATION:

 *************** function _main *****************
 Defined at:
		line 4 in file "main.c"
 Parameters:    Size  Location     Type
		None
 Auto vars:     Size  Location     Type
		None
 Return value:  Size  Location     Type
                  1    wreg      void 
 Registers used:
		wreg, fsr0l, fsr0h, status,2, status,0, btemp+1, pclath, cstack
 Tracked objects:
		On entry : 
		On exit  : 
		Unchanged: 
 Data sizes:     COMMON   BANK0   BANK1   BANK3   BANK2
      Params:         0       0       0       0       0
      Locals:         0       0       0       0       0
      Temps:          0       0       0       0       0
      Totals:         0       0       0       0       0
Total ram usage:        0 bytes
 Hardware stack levels required when called:    3
 This function calls:
		_LCD_Init
		_LCD_Out_Str
 This function is called by:
		Startup code after reset
 This function uses a non-reentrant model


 *************** function _LCD_Out_Str *****************
 Defined at:
		line 116 in file "lcd4.c"
 Parameters:    Size  Location     Type
  str             2    5[COMMON] PTR unsigned char 
		 -> max(4), STR_1(6), 
 Auto vars:     Size  Location     Type
  i               2   11[COMMON] int 
 Return value:  Size  Location     Type
                  1    wreg      void 
 Registers used:
		wreg, fsr0l, fsr0h, status,2, status,0, btemp+1, pclath, cstack
 Tracked objects:
		On entry : 
		On exit  : 
		Unchanged: 
 Data sizes:     COMMON   BANK0   BANK1   BANK3   BANK2
      Params:         2       0       0       0       0
      Locals:         2       0       0       0       0
      Temps:          4       0       0       0       0
      Totals:         8       0       0       0       0
Total ram usage:        8 bytes
 Hardware stack levels used:    1
 Hardware stack levels required when called:    2
 This function calls:
		_LCD_Cmd
		_strlen
 This function is called by:
		_main
		_LCD_Out_Int
 This function uses a non-reentrant model


 *************** function _strlen *****************
 Defined at:
		line 4 in file "D:\Mplab X\xc8\pic\sources\c90\common\strlen.c"
 Parameters:    Size  Location     Type
  s               2    0[COMMON] PTR const unsigned char 
		 -> max(4), STR_1(6), 
 Auto vars:     Size  Location     Type
  cp              2    2[COMMON] PTR const unsigned char 
		 -> max(4), STR_1(6), 
 Return value:  Size  Location     Type
                  2    0[COMMON] unsigned int 
 Registers used:
		wreg, fsr0l, fsr0h, status,2, status,0, btemp+1, pclath
 Tracked objects:
		On entry : 
		On exit  : 
		Unchanged: 
 Data sizes:     COMMON   BANK0   BANK1   BANK3   BANK2
      Params:         2       0       0       0       0
      Locals:         2       0       0       0       0
      Temps:          0       0       0       0       0
      Totals:         4       0       0       0       0
Total ram usage:        4 bytes
 Hardware stack levels used:    2
 This function calls:
		Nothing
 This function is called by:
		_LCD_Out_Str
 This function uses a non-reentrant model


 *************** function _LCD_Init *****************
 Defined at:
		line 107 in file "lcd4.c"
 Parameters:    Size  Location     Type
		None
 Auto vars:     Size  Location     Type
		None
 Return value:  Size  Location     Type
                  1    wreg      void 
 Registers used:
		wreg, status,2, status,0, pclath, cstack
 Tracked objects:
		On entry : 
		On exit  : 
		Unchanged: 
 Data sizes:     COMMON   BANK0   BANK1   BANK3   BANK2
      Params:         0       0       0       0       0
      Locals:         0       0       0       0       0
      Temps:          1       0       0       0       0
      Totals:         1       0       0       0       0
Total ram usage:        1 bytes
 Hardware stack levels used:    1
 Hardware stack levels required when called:    1
 This function calls:
		_LCD_8_Cmd
		_LCD_Cmd
 This function is called by:
		_main
 This function uses a non-reentrant model


 *************** function _LCD_Cmd *****************
 Defined at:
		line 8 in file "lcd4.c"
 Parameters:    Size  Location     Type
  select          1    wreg     unsigned char 
  cmd             1    0[COMMON] unsigned char 
 Auto vars:     Size  Location     Type
  select          1    3[COMMON] unsigned char 
  cmd1            1    4[COMMON] unsigned char 
 Return value:  Size  Location     Type
                  1    wreg      void 
 Registers used:
		wreg, status,2, status,0
 Tracked objects:
		On entry : 
		On exit  : 
		Unchanged: 
 Data sizes:     COMMON   BANK0   BANK1   BANK3   BANK2
      Params:         1       0       0       0       0
      Locals:         2       0       0       0       0
      Temps:          2       0       0       0       0
      Totals:         5       0       0       0       0
Total ram usage:        5 bytes
 Hardware stack levels used:    1
 This function calls:
		Nothing
 This function is called by:
		_LCD_Init
		_LCD_Out_Str
		_LCD_8_Init
		_LCD_Out_Int
		_LCD_Out_Double
		_LCD_GotoXy
 This function uses a non-reentrant model


 *************** function _LCD_8_Cmd *****************
 Defined at:
		line 59 in file "lcd4.c"
 Parameters:    Size  Location     Type
  select          1    wreg     unsigned char 
  cmd             1    0[COMMON] unsigned char 
 Auto vars:     Size  Location     Type
  select          1    3[COMMON] unsigned char 
 Return value:  Size  Location     Type
                  1    wreg      void 
 Registers used:
		wreg, status,2, status,0
 Tracked objects:
		On entry : 
		On exit  : 
		Unchanged: 
 Data sizes:     COMMON   BANK0   BANK1   BANK3   BANK2
      Params:         1       0       0       0       0
      Locals:         1       0       0       0       0
      Temps:          2       0       0       0       0
      Totals:         4       0       0       0       0
Total ram usage:        4 bytes
 Hardware stack levels used:    1
 This function calls:
		Nothing
 This function is called by:
		_LCD_Init
		_LCD_8_Init
 This function uses a non-reentrant model



MODULE INFORMATION

Module		Function		Class		Link	Load	Size
lcd4.c
		_LCD_Init      		CODE           	05E9	0000	58
		_LCD_Out_Str   		CODE           	0622	0000	73
		_LCD_Cmd       		CODE           	071E	0000	199
		_LCD_8_Cmd     		CODE           	066A	0000	181

lcd4.c estimated size: 511

D:\Mplab X\xc8\pic\sources\c90\common\strlen.c
		_strlen        		CODE           	05C7	0000	35

D:\Mplab X\xc8\pic\sources\c90\common\strlen.c estimated size: 35

shared
		exp@coeff      		STRING         	0013	0000	41
		__stringtab    		STRING         	0003	0000	17
		__initialization		CODE           	07E4	0000	25
		log@coeff      		STRING         	003B	0000	37

shared estimated size: 120

main.c
		_main          		CODE           	05B8	0000	16

main.c estimated size: 16

